Archive member included to satisfy reference by file (symbol)

C:/devkitPro/libogc/lib/wii\libwiiuse.a(wpad.o)
                              main.o (WPAD_Init)
C:/devkitPro/libogc/lib/wii\libwiiuse.a(motion_plus.o)
                              C:/devkitPro/libogc/lib/wii\libwiiuse.a(wpad.o) (wiiuse_set_motion_plus)
C:/devkitPro/libogc/lib/wii\libwiiuse.a(dynamics.o)
                              C:/devkitPro/libogc/lib/wii\libwiiuse.a(wpad.o) (calculate_gforce)
C:/devkitPro/libogc/lib/wii\libwiiuse.a(io.o)
                              C:/devkitPro/libogc/lib/wii\libwiiuse.a(motion_plus.o) (wiiuse_disable_expansion)
C:/devkitPro/libogc/lib/wii\libwiiuse.a(io_wii.o)
                              C:/devkitPro/libogc/lib/wii\libwiiuse.a(wpad.o) (__wiiuse_sensorbar_enable)
C:/devkitPro/libogc/lib/wii\libwiiuse.a(ir.o)
                              C:/devkitPro/libogc/lib/wii\libwiiuse.a(motion_plus.o) (wiiuse_set_ir_mode)
C:/devkitPro/libogc/lib/wii\libwiiuse.a(nunchuk.o)
                              C:/devkitPro/libogc/lib/wii\libwiiuse.a(io.o) (nunchuk_handshake)
C:/devkitPro/libogc/lib/wii\libwiiuse.a(wiiboard.o)
                              C:/devkitPro/libogc/lib/wii\libwiiuse.a(io.o) (wii_board_handshake)
C:/devkitPro/libogc/lib/wii\libwiiuse.a(wiiuse.o)
                              C:/devkitPro/libogc/lib/wii\libwiiuse.a(wpad.o) (wiiuse_init)
C:/devkitPro/libogc/lib/wii\libwiiuse.a(speaker.o)
                              C:/devkitPro/libogc/lib/wii\libwiiuse.a(wpad.o) (wencdata)
C:/devkitPro/libogc/lib/wii\libwiiuse.a(classic.o)
                              C:/devkitPro/libogc/lib/wii\libwiiuse.a(io.o) (classic_ctrl_handshake)
C:/devkitPro/libogc/lib/wii\libwiiuse.a(events.o)
                              C:/devkitPro/libogc/lib/wii\libwiiuse.a(io_wii.o) (parse_event)
C:/devkitPro/libogc/lib/wii\libwiiuse.a(guitar_hero_3.o)
                              C:/devkitPro/libogc/lib/wii\libwiiuse.a(io.o) (guitar_hero_3_handshake)
C:/devkitPro/libogc/lib/wii\libbte.a(bte.o)
                              C:/devkitPro/libogc/lib/wii\libwiiuse.a(wpad.o) (BTE_Init)
C:/devkitPro/libogc/lib/wii\libbte.a(hci.o)
                              C:/devkitPro/libogc/lib/wii\libbte.a(bte.o) (hci_init)
C:/devkitPro/libogc/lib/wii\libbte.a(l2cap.o)
                              C:/devkitPro/libogc/lib/wii\libbte.a(bte.o) (l2cap_init)
C:/devkitPro/libogc/lib/wii\libbte.a(btmemb.o)
                              C:/devkitPro/libogc/lib/wii\libbte.a(bte.o) (btmemb_init)
C:/devkitPro/libogc/lib/wii\libbte.a(btmemr.o)
                              C:/devkitPro/libogc/lib/wii\libbte.a(hci.o) (btmemr_init)
C:/devkitPro/libogc/lib/wii\libbte.a(btpbuf.o)
                              C:/devkitPro/libogc/lib/wii\libbte.a(hci.o) (btpbuf_init)
C:/devkitPro/libogc/lib/wii\libbte.a(physbusif.o)
                              C:/devkitPro/libogc/lib/wii\libbte.a(bte.o) (physbusif_init)
C:/devkitPro/libogc/lib/wii\libogc.a(console.o)
                              main.o (CON_Init)
C:/devkitPro/libogc/lib/wii\libogc.a(lwp_queue.o)
                              C:/devkitPro/libogc/lib/wii\libwiiuse.a(io_wii.o) (__lwp_queue_initialize)
C:/devkitPro/libogc/lib/wii\libogc.a(lwp_threads.o)
                              C:/devkitPro/libogc/lib/wii\libwiiuse.a(wpad.o) (_thread_dispatch_disable_level)
C:/devkitPro/libogc/lib/wii\libogc.a(lwp.o)
                              C:/devkitPro/libogc/lib/wii\libbte.a(bte.o) (LWP_InitQueue)
C:/devkitPro/libogc/lib/wii\libogc.a(lwp_handler.o)
                              C:/devkitPro/libogc/lib/wii\libogc.a(lwp_threads.o) (_cpu_context_save_fp)
C:/devkitPro/libogc/lib/wii\libogc.a(lwp_stack.o)
                              C:/devkitPro/libogc/lib/wii\libogc.a(lwp_threads.o) (__lwp_stack_allocate)
C:/devkitPro/libogc/lib/wii\libogc.a(lwp_watchdog.o)
                              C:/devkitPro/libogc/lib/wii\libogc.a(lwp_threads.o) (_wd_ticks_queue)
C:/devkitPro/libogc/lib/wii\libogc.a(lwp_wkspace.o)
                              C:/devkitPro/libogc/lib/wii\libwiiuse.a(motion_plus.o) (__wkspace_heap)
C:/devkitPro/libogc/lib/wii\libogc.a(lwp_objmgr.o)
                              C:/devkitPro/libogc/lib/wii\libogc.a(lwp.o) (__lwp_objmgr_initinfo)
C:/devkitPro/libogc/lib/wii\libogc.a(lwp_heap.o)
                              C:/devkitPro/libogc/lib/wii\libogc.a(lwp_wkspace.o) (__lwp_heap_init)
C:/devkitPro/libogc/lib/wii\libogc.a(sys_state.o)
                              C:/devkitPro/libogc/lib/wii\libogc.a(lwp_threads.o) (_sys_state_curr)
C:/devkitPro/libogc/lib/wii\libogc.a(irq.o)
                              C:/devkitPro/libogc/lib/wii\libwiiuse.a(io_wii.o) (IRQ_Disable)
C:/devkitPro/libogc/lib/wii\libogc.a(video.o)
                              C:/devkitPro/libogc/lib/wii\libogc.a(console.o) (VIDEO_GetCurrentFramebuffer)
C:/devkitPro/libogc/lib/wii\libogc.a(system.o)
[...]
Memory Configuration

Name             Origin             Length             Attributes
*default*        0x00000000         0xffffffff

Linker script and memory map

                0x00003400                        . = 0x3400

.stub
 *(.stub)
                0x80004000                        . = 0x80004000

.init           0x80004000      0x194
 *crt0.o(*.init)
 .init          0x80004000      0x170 C:/devkitPro/libogc/lib/wii\libogc.a(ogc_crt0.o)
                0x80004000                _start
                0x80004140                _memset
 *(.init)
 .init          0x80004170        0xc C:/devkitPro/devkitPPC/bin/../lib/gcc/powerpc-eabi/13.2.0/ecrti.o
                0x80004170                __init
 .init          0x8000417c        0x4 C:/devkitPro/devkitPPC/bin/../lib/gcc/powerpc-eabi/13.2.0/crtbegin.o
 .init          0x80004180        0x4 C:/devkitPro/devkitPPC/bin/../lib/gcc/powerpc-eabi/13.2.0/crtend.o
 .init          0x80004184       0x10 C:/devkitPro/devkitPPC/bin/../lib/gcc/powerpc-eabi/13.2.0/ecrtn.o

.rela.dyn       0x80004194        0x0
 .rela.iplt     0x80004194        0x0 C:/devkitPro/devkitPPC/bin/../lib/gcc/powerpc-eabi/13.2.0/crtbegin.o

.plt
 *(.plt)

.interp
 *(.interp)

.hash
 *(.hash)

.dynsym
 *(.dynsym)

.dynstr
 *(.dynstr)

.gnu.version
 *(.gnu.version)

.gnu.version_d
 *(.gnu.version_d)

.gnu.version_r
 *(.gnu.version_r)

.rel.init
 *(.rel.init)

.rela.init
 *(.rela.init)

.rel.text
 *(.rel.text .rel.text.* .rel.gnu.linkonce.t.*)

.rela.text      0x80004194        0x0
 *(.rela.text .rela.text.* .rela.gnu.linkonce.t.*)
 .rela.text.__do_global_dtors_aux
                0x80004194        0x0 C:/devkitPro/devkitPPC/bin/../lib/gcc/powerpc-eabi/13.2.0/crtbegin.o
 .rela.text.frame_dummy
                0x80004194        0x0 C:/devkitPro/devkitPPC/bin/../lib/gcc/powerpc-eabi/13.2.0/crtbegin.o

.rel.fini
 *(.rel.fini)

.rela.fini
 *(.rela.fini)

.rel.rodata
 *(.rel.rodata .rel.rodata.* .rel.gnu.linkonce.r.*)

.rela.rodata
 *(.rela.rodata .rela.rodata.* .rela.gnu.linkonce.r.*)

.rel.data
 *(.rel.data .rel.data.* .rel.gnu.linkonce.d.*)

.rela.data
 *(.rela.data .rela.data.* .rela.gnu.linkonce.d.*)

.rel.tdata
 *(.rel.tdata .rel.tdata.* .rel.gnu.linkonce.td.*)

.rela.tdata
 *(.rela.tdata .rela.tdata.* .rela.gnu.linkonce.td.*)

.rel.tbss
 *(.rel.tbss .rel.tbss.* .rel.gnu.linkonce.tb.*)

.rela.tbss
 *(.rela.tbss .rela.tbss.* .rela.gnu.linkonce.tb.*)

.rel.ctors
 *(.rel.ctors)

.rela.ctors
 *(.rela.ctors)

.rel.dtors
 *(.rel.dtors)

.rela.dtors
 *(.rela.dtors)

.rel.got
 *(.rel.got)

.rela.got
 *(.rela.got)

.rela.got1
 *(.rela.got1)

.rela.got2
 *(.rela.got2)

.rel.sdata
 *(.rel.sdata .rel.sdata.* .rel.gnu.linkonce.s.*)

.rela.sdata
 *(.rela.sdata .rela.sdata.* .rela.gnu.linkonce.s.*)

.rel.sbss
 *(.rel.sbss .rel.sbss.* .rel.gnu.linkonce.sb.*)

.rela.sbss
 *(.rela.sbss .rela.sbss.* .rel.gnu.linkonce.sb.*)

.rel.sdata2
 *(.rel.sdata2 .rel.sdata2.* .rel.gnu.linkonce.s2.*)

.rela.sdata2
 *(.rela.sdata2 .rela.sdata2.* .rela.gnu.linkonce.s2.*)

.rel.sbss2
 *(.rel.sbss2 .rel.sbss2.* .rel.gnu.linkonce.sb2.*)

.rela.sbss2
 *(.rela.sbss2 .rela.sbss2.* .rela.gnu.linkonce.sb2.*)

.rel.bss
 *(.rel.bss .rel.bss.* .rel.gnu.linkonce.b.*)

.rela.bss
 *(.rela.bss .rela.bss.* .rela.gnu.linkonce.b.*)

.rel.plt
 *(.rel.plt)

.rela.plt
 *(.rela.plt)

.text           0x800041a0    0x39980
 *(.text)
 .text          0x800041a0      0x44c C:/devkitPro/libogc/lib/wii\libogc.a(lwp_handler.o)
                0x800041a0                _cpu_context_save_fp
                0x800042e0                _cpu_context_restore_fp
                0x80004420                _cpu_context_switch
                0x80004500                _cpu_context_save
                0x80004580                _cpu_context_restore
 .text          0x800045ec      0x4a0 C:/devkitPro/libogc/lib/wii\libogc.a(system_asm.o)
                0x800045ec                __realmode
                0x80004604                __configBATS
                0x80004734                __InitFPRS
                0x80004860                __InitPS
                0x800048bc                __InitCache
                0x80004914                __InitSystem
                0x8000499c                __flush_cache
                0x800049d0                __reset
                0x80004a40                __InitBATS
                0x80004a5c                SYS_SwitchFiber
 .text          0x80004a8c      0x1ac C:/devkitPro/libogc/lib/wii\libogc.a(irq_handler.o)
                0x80004a8c                irq_exceptionhandler
 .text          0x80004c38      0x4f4 C:/devkitPro/libogc/lib/wii\libogc.a(cache_asm.o)
                0x80004c38                DCFlashInvalidate
                0x80004c4c                DCEnable
                0x80004c60                DCDisable
                0x80004c74                DCFreeze
                0x80004c88                DCUnfreeze
                0x80004c9c                DCTouchLoad
                0x80004ca4                DCBlockZero
                0x80004cac                DCBlockStore
                0x80004cb4                DCBlockFlush
                0x80004cbc                DCBlockInvalidate
                0x80004cc4                DCInvalidateRange
                0x80004cf4                DCFlushRange
                0x80004d28                DCStoreRange
                0x80004d5c                DCFlushRangeNoSync
                0x80004d8c                DCStoreRangeNoSync
                0x80004dbc                DCZeroRange
                0x80004dec                DCTouchRange
                0x80004e1c                ICInvalidateRange
                0x80004e54                ICFlashInvalidate
                0x80004e68                ICEnable
                0x80004e7c                ICDisable
                0x80004e90                ICFreeze
                0x80004ea4                ICUnfreeze
                0x80004eb8                ICBlockInvalidate
                0x80004ec0                ICSync
                0x80004ec8                L2Init
                0x80004f10                L2Enable
                0x80004f2c                L2Disable
                0x80004f44                L2GlobalInvalidate
                0x80004f9c                __LCEnable
                0x80005068                LCDisable
                0x80005090                LCAllocOneTag
                0x800050a4                LCAllocTags
                0x800050e4                LCLoadBlocks
                0x80005108                LCStoreBlocks
 .text          0x8000512c      0x1ac C:/devkitPro/libogc/lib/wii\libogc.a(decrementer_handler.o)
                0x8000512c                dec_exceptionhandler
 .text          0x800052d8      0x35c C:/devkitPro/libogc/lib/wii\libogc.a(exception_handler.o)
                0x800052d8                exceptionhandler_start
                0x80005354                exceptionhandler_patch
                0x80005388                exceptionhandler_end
                0x8000538c                default_exceptionhandler
                0x800054bc                fpu_exceptionhandler
                0x80005604                systemcallhandler_start
                0x80005630                systemcallhandler_end
 .text          0x80005634       0x48 C:/devkitPro/devkitPPC/bin/../lib/gcc/powerpc-eabi/13.2.0\libgcc.a(eabi.o)
                0x80005634                __eabi
 .text          0x8000567c       0x58 C:/devkitPro/devkitPPC/bin/../lib/gcc/powerpc-eabi/13.2.0\libgcc.a(crtresxfpr.o)
                0x8000567c                _restfpr_14_x
                0x80005680                _restfpr_15_x
                0x80005684                _restfpr_16_x
                0x80005688                _restfpr_17_x
                0x8000568c                _restfpr_18_x
                0x80005690                _restfpr_19_x
                0x80005694                _restfpr_20_x
                0x80005698                _restfpr_21_x
                0x8000569c                _restfpr_22_x
                0x800056a0                _restfpr_23_x
                0x800056a4                _restfpr_24_x
                0x800056a8                _restfpr_25_x
                0x800056ac                _restfpr_26_x
                0x800056b0                _restfpr_27_x
                0x800056b4                _restfpr_28_x
                0x800056b8                _restfpr_29_x
                0x800056bc                _restfpr_30_x
                0x800056c0                _restfpr_31_x
 .text          0x800056d4       0x58 C:/devkitPro/devkitPPC/bin/../lib/gcc/powerpc-eabi/13.2.0\libgcc.a(crtresxgpr.o)
                0x800056d4                _restgpr_14_x
                0x800056d8                _restgpr_15_x
                0x800056dc                _restgpr_16_x
                0x800056e0                _restgpr_17_x
                0x800056e4                _restgpr_18_x
                0x800056e8                _restgpr_19_x
                0x800056ec                _restgpr_20_x
                0x800056f0                _restgpr_21_x
                0x800056f4                _restgpr_22_x
                0x800056f8                _restgpr_23_x
                0x800056fc                _restgpr_24_x
                0x80005700                _restgpr_25_x
                0x80005704                _restgpr_26_x
                0x80005708                _restgpr_27_x
                0x8000570c                _restgpr_28_x
                0x80005710                _restgpr_29_x
                0x80005714                _restgpr_30_x
                0x80005718                _restgpr_31_x
 *(.text.*)
 .text.__do_global_dtors_aux
                0x8000572c       0xcc C:/devkitPro/devkitPPC/bin/../lib/gcc/powerpc-eabi/13.2.0/crtbegin.o
 .text.frame_dummy
                0x800057f8       0x24 C:/devkitPro/devkitPPC/bin/../lib/gcc/powerpc-eabi/13.2.0/crtbegin.o
 .text.__crtmain
                0x8000581c       0x44 C:/devkitPro/devkitPPC/bin/../lib/gcc/powerpc-eabi/13.2.0/../../../../powerpc-eabi/lib/crtmain.o
                0x80005820                __crtmain
 .text.Initialise
                0x80005860       0xb8 main.o
                0x80005860                Initialise
 .text.startup.main
                0x80005918      0x220 main.o
                0x80005918                main
 .text.__wpad_assign_slot
                0x80005b38      0x254 C:/devkitPro/libogc/lib/wii\libwiiuse.a(wpad.o)
                0x80005b38                __wpad_assign_slot
 .text.__wpad_def_powcb
                0x80005d8c        0x4 C:/devkitPro/libogc/lib/wii\libwiiuse.a(wpad.o)
 .text.__readlinkkey_finished
                0x80005d90       0x34 C:/devkitPro/libogc/lib/wii\libwiiuse.a(wpad.o)
 .text.__wpad_patch_finished
                0x80005dc4       0x2c C:/devkitPro/libogc/lib/wii\libwiiuse.a(wpad.o)
 .text.__wpad_setfmt
                0x80005df0      0x14c C:/devkitPro/libogc/lib/wii\libwiiuse.a(wpad.o)
 .text.__wpad_eventCB
                0x80005f3c      0xad4 C:/devkitPro/libogc/lib/wii\libwiiuse.a(wpad.o)
 .text.__wpad_disconnectCB
                0x80006a10       0xd4 C:/devkitPro/libogc/lib/wii\libwiiuse.a(wpad.o)
                0x80006a10                __wpad_disconnectCB
 .text.__wpad_timeouthandler
                0x80006ae4       0xa8 C:/devkitPro/libogc/lib/wii\libwiiuse.a(wpad.o)
 .text.__initcore_finished
                0x80006b8c       0x48 C:/devkitPro/libogc/lib/wii\libwiiuse.a(wpad.o)
 .text.__wpad_init_finished
                0x80006bd4      0x194 C:/devkitPro/libogc/lib/wii\libwiiuse.a(wpad.o)
 .text.WPAD_ReadEvent
                0x80006d68      0x68c C:/devkitPro/libogc/lib/wii\libwiiuse.a(wpad.o)
                0x80006d68                WPAD_ReadEvent
 .text.WPAD_ReadPending
                0x800073f4      0x1a0 C:/devkitPro/libogc/lib/wii\libwiiuse.a(wpad.o)
                0x800073f4                WPAD_ReadPending
 .text.WPAD_Shutdown
                0x80007594      0x114 C:/devkitPro/libogc/lib/wii\libwiiuse.a(wpad.o)
                0x80007594                WPAD_Shutdown
 .text.WPAD_Init
                0x800076a8      0x2c4 C:/devkitPro/libogc/lib/wii\libwiiuse.a(wpad.o)
                0x800076a8                WPAD_Init
 .text.__wpad_onreset
                0x8000796c       0x34 C:/devkitPro/libogc/lib/wii\libwiiuse.a(wpad.o)
 .text.WPAD_ScanPads
                0x800079a0       0x90 C:/devkitPro/libogc/lib/wii\libwiiuse.a(wpad.o)
                0x800079a0                WPAD_ScanPads
 .text.WPAD_ButtonsUp
                0x80007a30       0x28 C:/devkitPro/libogc/lib/wii\libwiiuse.a(wpad.o)
                0x80007a30                WPAD_ButtonsUp
 .text.WPAD_ButtonsDown
                0x80007a58       0x28 C:/devkitPro/libogc/lib/wii\libwiiuse.a(wpad.o)
                0x80007a58                WPAD_ButtonsDown
 .text.WPAD_ButtonsHeld
                0x80007a80       0x28 C:/devkitPro/libogc/lib/wii\libwiiuse.a(wpad.o)
                0x80007a80                WPAD_ButtonsHeld
 .text.motion_plus_disconnected
                0x80007aa8       0x10 C:/devkitPro/libogc/lib/wii\libwiiuse.a(motion_plus.o)
                0x80007aa8                motion_plus_disconnected
 .text.motion_plus_event
                0x80007ab8       0x64 C:/devkitPro/libogc/lib/wii\libwiiuse.a(motion_plus.o)
                0x80007ab8                motion_plus_event
 .text.calculate_gforce
                0x80007b1c      0x114 C:/devkitPro/libogc/lib/wii\libwiiuse.a(dynamics.o)
                0x80007b1c                calculate_gforce
 .text.calc_joystick_state
                0x80007c30      0x210 C:/devkitPro/libogc/lib/wii\libwiiuse.a(dynamics.o)
                0x80007c30                calc_joystick_state
 .text.apply_smoothing
                0x80007e40      0x140 C:/devkitPro/libogc/lib/wii\libwiiuse.a(dynamics.o)
                0x80007e40                apply_smoothing
 .text.calculate_orientation
                0x80007f80      0x340 C:/devkitPro/libogc/lib/wii\libwiiuse.a(dynamics.o)
                0x80007f80                calculate_orientation
 .text.calc_balanceboard_state
                0x800082c0      0x3a4 C:/devkitPro/libogc/lib/wii\libwiiuse.a(dynamics.o)
                0x800082c0                calc_balanceboard_state
 .text.wiiuse_handshake
                0x80008664      0x27c C:/devkitPro/libogc/lib/wii\libwiiuse.a(io.o)
                0x80008664                wiiuse_handshake
 .text.wiiuse_handshake_expansion
                0x800088e0      0x1f0 C:/devkitPro/libogc/lib/wii\libwiiuse.a(io.o)
                0x800088e0                wiiuse_handshake_expansion
 .text.wiiuse_handshake_expansion_start
                0x80008ad0       0x5c C:/devkitPro/libogc/lib/wii\libwiiuse.a(io.o)
                0x80008ad0                wiiuse_handshake_expansion_start
 .text.wiiuse_disable_expansion
                0x80008b2c      0x1b0 C:/devkitPro/libogc/lib/wii\libwiiuse.a(io.o)
                0x80008b2c                wiiuse_disable_expansion
 .text.__wiiuse_connected
                0x80008cdc       0x9c C:/devkitPro/libogc/lib/wii\libwiiuse.a(io_wii.o)
 .text.__wiiuse_disconnected
                0x80008d78       0xb4 C:/devkitPro/libogc/lib/wii\libwiiuse.a(io_wii.o)
 .text.__wiiuse_receive
                0x80008e2c       0xd0 C:/devkitPro/libogc/lib/wii\libwiiuse.a(io_wii.o)
 .text.__wiiuse_sensorbar_enable
                0x80008efc       0x54 C:/devkitPro/libogc/lib/wii\libwiiuse.a(io_wii.o)
                0x80008efc                __wiiuse_sensorbar_enable
 .text.wiiuse_register
                0x80008f50       0xf0 C:/devkitPro/libogc/lib/wii\libwiiuse.a(io_wii.o)
                0x80008f50                wiiuse_register
 .text.wiiuse_disconnect
                0x80009040       0x24 C:/devkitPro/libogc/lib/wii\libwiiuse.a(io_wii.o)
                0x80009040                wiiuse_disconnect
 .text.wiiuse_init_cmd_queue
                0x80009064       0x9c C:/devkitPro/libogc/lib/wii\libwiiuse.a(io_wii.o)
                0x80009064                wiiuse_init_cmd_queue
 .text.wiiuse_io_write
                0x80009100       0x1c C:/devkitPro/libogc/lib/wii\libwiiuse.a(io_wii.o)
                0x80009100                wiiuse_io_write
 .text.rotate_dots
                0x8000911c      0x13c C:/devkitPro/libogc/lib/wii\libwiiuse.a(ir.o)
 .text.get_ir_sens.constprop.0.isra.0
                0x80009258       0xdc C:/devkitPro/libogc/lib/wii\libwiiuse.a(ir.o)
 .text.wiiuse_set_ir_mode
                0x80009334       0x5c C:/devkitPro/libogc/lib/wii\libwiiuse.a(ir.o)
                0x80009334                wiiuse_set_ir_mode
 .text.wiiuse_set_ir
                0x80009390      0x204 C:/devkitPro/libogc/lib/wii\libwiiuse.a(ir.o)
                0x80009390                wiiuse_set_ir
 .text.wiiuse_set_ir_position
                0x80009594       0x80 C:/devkitPro/libogc/lib/wii\libwiiuse.a(ir.o)
                0x80009594                wiiuse_set_ir_position
 .text.wiiuse_set_aspect_ratio
                0x80009614       0xac C:/devkitPro/libogc/lib/wii\libwiiuse.a(ir.o)
                0x80009614                wiiuse_set_aspect_ratio
 .text.wiiuse_set_ir_sensitivity
                0x800096c0       0xe4 C:/devkitPro/libogc/lib/wii\libwiiuse.a(ir.o)
                0x800096c0                wiiuse_set_ir_sensitivity
 .text.calculate_basic_ir
                0x800097a4       0xe8 C:/devkitPro/libogc/lib/wii\libwiiuse.a(ir.o)
                0x800097a4                calculate_basic_ir
 .text.calculate_extended_ir
                0x8000988c       0x64 C:/devkitPro/libogc/lib/wii\libwiiuse.a(ir.o)
                0x8000988c                calculate_extended_ir
 .text.find_sensorbar
                0x800098f0      0xa00 C:/devkitPro/libogc/lib/wii\libwiiuse.a(ir.o)
                0x800098f0                find_sensorbar
 .text.apply_ir_smoothing
                0x8000a2f0      0x124 C:/devkitPro/libogc/lib/wii\libwiiuse.a(ir.o)
                0x8000a2f0                apply_ir_smoothing
 .text.interpret_ir_data
                0x8000a414      0x3c8 C:/devkitPro/libogc/lib/wii\libwiiuse.a(ir.o)
                0x8000a414                interpret_ir_data
 .text.nunchuk_handshake
                0x8000a7dc      0x31c C:/devkitPro/libogc/lib/wii\libwiiuse.a(nunchuk.o)
                0x8000a7dc                nunchuk_handshake
 .text.nunchuk_disconnected
                0x8000aaf8        0xc C:/devkitPro/libogc/lib/wii\libwiiuse.a(nunchuk.o)
                0x8000aaf8                nunchuk_disconnected
 .text.nunchuk_event
                0x8000ab04       0xe8 C:/devkitPro/libogc/lib/wii\libwiiuse.a(nunchuk.o)
                0x8000ab04                nunchuk_event
 .text.wii_board_handshake
                0x8000abec      0x284 C:/devkitPro/libogc/lib/wii\libwiiuse.a(wiiboard.o)
                0x8000abec                wii_board_handshake
 .text.wii_board_disconnected
                0x8000ae70        0xc C:/devkitPro/libogc/lib/wii\libwiiuse.a(wiiboard.o)
                0x8000ae70                wii_board_disconnected
 .text.wii_board_event
                0x8000ae7c       0x24 C:/devkitPro/libogc/lib/wii\libwiiuse.a(wiiboard.o)
                0x8000ae7c                wii_board_event
 .text.wiiuse_send_next_command
                0x8000aea0       0x58 C:/devkitPro/libogc/lib/wii\libwiiuse.a(wiiuse.o)
                0x8000aea0                wiiuse_send_next_command
 .text.wiiuse_init
                0x8000aef8      0x208 C:/devkitPro/libogc/lib/wii\libwiiuse.a(wiiuse.o)
                0x8000aef8                wiiuse_init
 .text.wiiuse_set_flags
                0x8000b100       0x28 C:/devkitPro/libogc/lib/wii\libwiiuse.a(wiiuse.o)
                0x8000b100                wiiuse_set_flags
 .text.wiiuse_read_data
                0x8000b128      0x154 C:/devkitPro/libogc/lib/wii\libwiiuse.a(wiiuse.o)
                0x8000b128                wiiuse_read_data
 .text.wiiuse_write_data
                0x8000b27c      0x18c C:/devkitPro/libogc/lib/wii\libwiiuse.a(wiiuse.o)
                0x8000b27c                wiiuse_write_data
 .text.wiiuse_sendcmd
                0x8000b408      0x144 C:/devkitPro/libogc/lib/wii\libwiiuse.a(wiiuse.o)
                0x8000b408                wiiuse_sendcmd
 .text.wiiuse_set_leds
                0x8000b54c       0x50 C:/devkitPro/libogc/lib/wii\libwiiuse.a(wiiuse.o)
                0x8000b54c                wiiuse_set_leds
 .text.wiiuse_set_report_type
                0x8000b59c       0xb0 C:/devkitPro/libogc/lib/wii\libwiiuse.a(wiiuse.o)
                0x8000b59c                wiiuse_set_report_type
 .text.wiiuse_status
                0x8000b64c       0x4c C:/devkitPro/libogc/lib/wii\libwiiuse.a(wiiuse.o)
                0x8000b64c                wiiuse_status
 .text.wiiuse_motion_sensing
                0x8000b698       0x84 C:/devkitPro/libogc/lib/wii\libwiiuse.a(wiiuse.o)
                0x8000b698                wiiuse_motion_sensing
 .text.wiiuse_set_speaker
                0x8000b71c      0x24c C:/devkitPro/libogc/lib/wii\libwiiuse.a(speaker.o)
                0x8000b71c                wiiuse_set_speaker
 .text.classic_ctrl_handshake
                0x8000b968      0x410 C:/devkitPro/libogc/lib/wii\libwiiuse.a(classic.o)
                0x8000b968                classic_ctrl_handshake
 .text.classic_ctrl_disconnected
                0x8000bd78        0xc C:/devkitPro/libogc/lib/wii\libwiiuse.a(classic.o)
                0x8000bd78                classic_ctrl_disconnected
 .text.classic_ctrl_event
                0x8000bd84      0x15c C:/devkitPro/libogc/lib/wii\libwiiuse.a(classic.o)
                0x8000bd84                classic_ctrl_event
 .text.handle_expansion
                0x8000bee0       0x54 C:/devkitPro/libogc/lib/wii\libwiiuse.a(events.o)
 .text.parse_event
                0x8000bf34      0x730 C:/devkitPro/libogc/lib/wii\libwiiuse.a(events.o)
                0x8000bf34                parse_event
 .text.guitar_hero_3_handshake
                0x8000c664       0x5c C:/devkitPro/libogc/lib/wii\libwiiuse.a(guitar_hero_3.o)
                0x8000c664                guitar_hero_3_handshake
 .text.guitar_hero_3_disconnected
                0x8000c6c0        0xc C:/devkitPro/libogc/lib/wii\libwiiuse.a(guitar_hero_3.o)
                0x8000c6c0                guitar_hero_3_disconnected
 .text.guitar_hero_3_event
                0x8000c6cc       0x60 C:/devkitPro/libogc/lib/wii\libwiiuse.a(guitar_hero_3.o)
                0x8000c6cc                guitar_hero_3_event
 .text.acl_wlp_completed
                0x8000c72c        0x8 C:/devkitPro/libogc/lib/wii\libbte.a(bte.o)
                0x8000c72c                acl_wlp_completed
 .text.bt_alarmhandler
                0x8000c734       0x58 C:/devkitPro/libogc/lib/wii\libbte.a(bte.o)
 .text.__bte_send_pending_request
                0x8000c78c      0x108 C:/devkitPro/libogc/lib/wii\libbte.a(bte.o)
 .text.acl_conn_complete
                0x8000c894       0x2c C:/devkitPro/libogc/lib/wii\libbte.a(bte.o)
                0x8000c894                acl_conn_complete
 .text.l2cap_accepted
                0x8000c8c0      0x134 C:/devkitPro/libogc/lib/wii\libbte.a(bte.o)
                0x8000c8c0                l2cap_accepted
 .text.l2cap_disconnect_cfm
                0x8000c9f4      0x19c C:/devkitPro/libogc/lib/wii\libbte.a(bte.o)
                0x8000c9f4                l2cap_disconnect_cfm
 .text.bte_process_input
                0x8000cb90      0x128 C:/devkitPro/libogc/lib/wii\libbte.a(bte.o)
 .text.l2cap_disconnected_ind
                0x8000ccb8      0x1a4 C:/devkitPro/libogc/lib/wii\libbte.a(bte.o)
                0x8000ccb8                l2cap_disconnected_ind
 .text.__bte_shutdown_finished
                0x8000ce5c       0xe0 C:/devkitPro/libogc/lib/wii\libbte.a(bte.o)
 .text.bte_hci_apply_patch_complete
                0x8000cf3c      0x164 C:/devkitPro/libogc/lib/wii\libbte.a(bte.o)
                0x8000cf3c                bte_hci_apply_patch_complete
 .text.bte_hci_patch_complete
                0x8000d0a0      0x380 C:/devkitPro/libogc/lib/wii\libbte.a(bte.o)
                0x8000d0a0                bte_hci_patch_complete
 .text.bte_hci_initcore_complete
                0x8000d420      0x280 C:/devkitPro/libogc/lib/wii\libbte.a(bte.o)
                0x8000d420                bte_hci_initcore_complete
 .text.bte_read_stored_link_key_complete
                0x8000d6a0      0x27c C:/devkitPro/libogc/lib/wii\libbte.a(bte.o)
                0x8000d6a0                bte_read_stored_link_key_complete
 .text.bte_hci_initcore_complete2
                0x8000d91c      0x22c C:/devkitPro/libogc/lib/wii\libbte.a(bte.o)
 .text.bte_hci_initsub_complete
                0x8000db48      0x280 C:/devkitPro/libogc/lib/wii\libbte.a(bte.o)
                0x8000db48                bte_hci_initsub_complete
 .text.BTE_Init
                0x8000ddc8      0x138 C:/devkitPro/libogc/lib/wii\libbte.a(bte.o)
                0x8000ddc8                BTE_Init
 .text.BTE_Shutdown
                0x8000df00      0x100 C:/devkitPro/libogc/lib/wii\libbte.a(bte.o)
                0x8000df00                BTE_Shutdown
 .text.BTE_InitCore
                0x8000e000       0x8c C:/devkitPro/libogc/lib/wii\libbte.a(bte.o)
                0x8000e000                BTE_InitCore
 .text.BTE_ApplyPatch
                0x8000e08c       0xa4 C:/devkitPro/libogc/lib/wii\libbte.a(bte.o)
                0x8000e08c                BTE_ApplyPatch
 .text.BTE_InitSub
                0x8000e130       0x90 C:/devkitPro/libogc/lib/wii\libbte.a(bte.o)
                0x8000e130                BTE_InitSub
 .text.BTE_ReadStoredLinkKey
                0x8000e1c0       0x90 C:/devkitPro/libogc/lib/wii\libbte.a(bte.o)
                0x8000e1c0                BTE_ReadStoredLinkKey
 .text.BTE_SetDisconnectCallback
                0x8000e250        0x4 C:/devkitPro/libogc/lib/wii\libbte.a(bte.o)
                0x8000e250                BTE_SetDisconnectCallback
 .text.bte_new  0x8000e254       0x54 C:/devkitPro/libogc/lib/wii\libbte.a(bte.o)
                0x8000e254                bte_new
 .text.bte_registerdeviceasync
                0x8000e2a8      0x158 C:/devkitPro/libogc/lib/wii\libbte.a(bte.o)
                0x8000e2a8                bte_registerdeviceasync
 .text.bte_disconnect
                0x8000e400       0xd8 C:/devkitPro/libogc/lib/wii\libbte.a(bte.o)
                0x8000e400                bte_disconnect
 .text.bte_senddata
                0x8000e4d8      0x104 C:/devkitPro/libogc/lib/wii\libbte.a(bte.o)
                0x8000e4d8                bte_senddata
 .text.bte_arg  0x8000e5dc       0x38 C:/devkitPro/libogc/lib/wii\libbte.a(bte.o)
                0x8000e5dc                bte_arg
 .text.bte_received
                0x8000e614       0x38 C:/devkitPro/libogc/lib/wii\libbte.a(bte.o)
                0x8000e614                bte_received
 .text.bte_disconnected
                0x8000e64c       0x38 C:/devkitPro/libogc/lib/wii\libbte.a(bte.o)
                0x8000e64c                bte_disconnected
 .text.hci_get_link
                0x8000e684       0x84 C:/devkitPro/libogc/lib/wii\libbte.a(hci.o)
 .text.hci_init
                0x8000e708       0x80 C:/devkitPro/libogc/lib/wii\libbte.a(hci.o)
                0x8000e708                hci_init
 .text.hci_close
                0x8000e788       0xd0 C:/devkitPro/libogc/lib/wii\libbte.a(hci.o)
                0x8000e788                hci_close
 .text.hci_reset_all
                0x8000e858       0xb8 C:/devkitPro/libogc/lib/wii\libbte.a(hci.o)
                0x8000e858                hci_reset_all
 .text.hci_arg  0x8000e910        0xc C:/devkitPro/libogc/lib/wii\libbte.a(hci.o)
                0x8000e910                hci_arg
 .text.hci_cmd_complete
                0x8000e91c        0xc C:/devkitPro/libogc/lib/wii\libbte.a(hci.o)
                0x8000e91c                hci_cmd_complete
 .text.hci_connection_complete
                0x8000e928        0xc C:/devkitPro/libogc/lib/wii\libbte.a(hci.o)
                0x8000e928                hci_connection_complete
 .text.hci_wlp_complete
                0x8000e934        0xc C:/devkitPro/libogc/lib/wii\libbte.a(hci.o)
                0x8000e934                hci_wlp_complete
 .text.hci_reset
                0x8000e940       0xac C:/devkitPro/libogc/lib/wii\libbte.a(hci.o)
                0x8000e940                hci_reset
 .text.hci_read_buffer_size
                0x8000e9ec       0xac C:/devkitPro/libogc/lib/wii\libbte.a(hci.o)
                0x8000e9ec                hci_read_buffer_size
 .text.hci_read_bd_addr
                0x8000ea98       0xac C:/devkitPro/libogc/lib/wii\libbte.a(hci.o)
                0x8000ea98                hci_read_bd_addr
 .text.hci_read_local_version
                0x8000eb44       0xa8 C:/devkitPro/libogc/lib/wii\libbte.a(hci.o)
                0x8000eb44                hci_read_local_version
 .text.hci_read_local_features
                0x8000ebec       0xac C:/devkitPro/libogc/lib/wii\libbte.a(hci.o)
                0x8000ebec                hci_read_local_features
 .text.hci_read_stored_link_key
                0x8000ec98      0x100 C:/devkitPro/libogc/lib/wii\libbte.a(hci.o)
                0x8000ec98                hci_read_stored_link_key
 .text.hci_write_page_timeout
                0x8000ed98       0xd0 C:/devkitPro/libogc/lib/wii\libbte.a(hci.o)
                0x8000ed98                hci_write_page_timeout
 .text.hci_write_scan_enable
                0x8000ee68       0xbc C:/devkitPro/libogc/lib/wii\libbte.a(hci.o)
                0x8000ee68                hci_write_scan_enable
 .text.hci_accecpt_conn_request
                0x8000ef24       0xe0 C:/devkitPro/libogc/lib/wii\libbte.a(hci.o)
                0x8000ef24                hci_accecpt_conn_request
 .text.hci_write_local_name
                0x8000f004       0xd8 C:/devkitPro/libogc/lib/wii\libbte.a(hci.o)
                0x8000f004                hci_write_local_name
 .text.hci_write_pin_type
                0x8000f0dc       0xbc C:/devkitPro/libogc/lib/wii\libbte.a(hci.o)
                0x8000f0dc                hci_write_pin_type
 .text.hci_write_inquiry_mode
                0x8000f198       0xbc C:/devkitPro/libogc/lib/wii\libbte.a(hci.o)
                0x8000f198                hci_write_inquiry_mode
 .text.hci_write_page_scan_type
                0x8000f254       0xbc C:/devkitPro/libogc/lib/wii\libbte.a(hci.o)
                0x8000f254                hci_write_page_scan_type
 .text.hci_write_inquiry_scan_type
                0x8000f310       0xbc C:/devkitPro/libogc/lib/wii\libbte.a(hci.o)
                0x8000f310                hci_write_inquiry_scan_type
 .text.hci_vendor_specific_command
                0x8000f3cc       0xe8 C:/devkitPro/libogc/lib/wii\libbte.a(hci.o)
                0x8000f3cc                hci_vendor_specific_command
 .text.hci_write_link_policy_settings
                0x8000f4b4      0x104 C:/devkitPro/libogc/lib/wii\libbte.a(hci.o)
                0x8000f4b4                hci_write_link_policy_settings
 .text.hci_pin_code_request_neg_reply
                0x8000f5b8       0xcc C:/devkitPro/libogc/lib/wii\libbte.a(hci.o)
                0x8000f5b8                hci_pin_code_request_neg_reply
 .text.hci_link_key_req_neg_reply
                0x8000f684       0xcc C:/devkitPro/libogc/lib/wii\libbte.a(hci.o)
                0x8000f684                hci_link_key_req_neg_reply
 .text.hci_disconnect
                0x8000f750       0xfc C:/devkitPro/libogc/lib/wii\libbte.a(hci.o)
                0x8000f750                hci_disconnect
 .text.hci_write_cod
                0x8000f84c       0xcc C:/devkitPro/libogc/lib/wii\libbte.a(hci.o)
                0x8000f84c                hci_write_cod
 .text.hci_host_buffer_size
                0x8000f918      0x10c C:/devkitPro/libogc/lib/wii\libbte.a(hci.o)
                0x8000f918                hci_host_buffer_size
 .text.hci_host_num_comp_packets
                0x8000fa24      0x108 C:/devkitPro/libogc/lib/wii\libbte.a(hci.o)
                0x8000fa24                hci_host_num_comp_packets
 .text.lp_pdu_maxsize
                0x8000fb2c        0xc C:/devkitPro/libogc/lib/wii\libbte.a(hci.o)
                0x8000fb2c                lp_pdu_maxsize
 .text.lp_acl_write
                0x8000fb38      0x158 C:/devkitPro/libogc/lib/wii\libbte.a(hci.o)
                0x8000fb38                lp_acl_write
 .text.lp_write_flush_timeout
                0x8000fc90      0x104 C:/devkitPro/libogc/lib/wii\libbte.a(hci.o)
                0x8000fc90                lp_write_flush_timeout
 .text.hci_event_handler
                0x8000fd94      0xc7c C:/devkitPro/libogc/lib/wii\libbte.a(hci.o)
                0x8000fd94                hci_event_handler
 .text.hci_acldata_handler
                0x80010a10      0x11c C:/devkitPro/libogc/lib/wii\libbte.a(hci.o)
                0x80010a10                hci_acldata_handler
 .text.l2cap_init
                0x80010b2c       0x60 C:/devkitPro/libogc/lib/wii\libbte.a(l2cap.o)
                0x80010b2c                l2cap_init
 .text.l2cap_write
                0x80010b8c      0x1a0 C:/devkitPro/libogc/lib/wii\libbte.a(l2cap.o)
                0x80010b8c                l2cap_write
 .text.l2cap_new
                0x80010d2c       0x60 C:/devkitPro/libogc/lib/wii\libbte.a(l2cap.o)
                0x80010d2c                l2cap_new
 .text.l2cap_close
                0x80010d8c      0x1d4 C:/devkitPro/libogc/lib/wii\libbte.a(l2cap.o)
                0x80010d8c                l2cap_close
 .text.l2cap_reset_all
                0x80010f60      0x154 C:/devkitPro/libogc/lib/wii\libbte.a(l2cap.o)
                0x80010f60                l2cap_reset_all
 .text.l2cap_signal
                0x800110b4      0x204 C:/devkitPro/libogc/lib/wii\libbte.a(l2cap.o)
                0x800110b4                l2cap_signal
 .text.l2ca_config_req
                0x800112b8      0x158 C:/devkitPro/libogc/lib/wii\libbte.a(l2cap.o)
                0x800112b8                l2ca_config_req
 .text.l2ca_disconnect_req
                0x80011410       0xcc C:/devkitPro/libogc/lib/wii\libbte.a(l2cap.o)
                0x80011410                l2ca_disconnect_req
 .text.l2cap_tmr
                0x800114dc      0x260 C:/devkitPro/libogc/lib/wii\libbte.a(l2cap.o)
                0x800114dc                l2cap_tmr
 .text.l2cap_process_sig
                0x8001173c     0x1334 C:/devkitPro/libogc/lib/wii\libbte.a(l2cap.o)
                0x8001173c                l2cap_process_sig
 .text.l2cap_input
                0x80012a70      0x578 C:/devkitPro/libogc/lib/wii\libbte.a(l2cap.o)
                0x80012a70                l2cap_input
 .text.l2ca_datawrite
                0x80012fe8      0x128 C:/devkitPro/libogc/lib/wii\libbte.a(l2cap.o)
                0x80012fe8                l2ca_datawrite
 .text.lp_connect_cfm
                0x80013110      0x184 C:/devkitPro/libogc/lib/wii\libbte.a(l2cap.o)
                0x80013110                lp_connect_cfm
 .text.lp_connect_ind
                0x80013294        0x4 C:/devkitPro/libogc/lib/wii\libbte.a(l2cap.o)
                0x80013294                lp_connect_ind
 .text.lp_disconnect_ind
                0x80013298      0x124 C:/devkitPro/libogc/lib/wii\libbte.a(l2cap.o)
                0x80013298                lp_disconnect_ind
 .text.l2cap_disconnect_bb
                0x800133bc       0x10 C:/devkitPro/libogc/lib/wii\libbte.a(l2cap.o)
                0x800133bc                l2cap_disconnect_bb
 .text.l2cap_arg
                0x800133cc        0x8 C:/devkitPro/libogc/lib/wii\libbte.a(l2cap.o)
                0x800133cc                l2cap_arg
 .text.l2cap_connect_ind
                0x800133d4      0x104 C:/devkitPro/libogc/lib/wii\libbte.a(l2cap.o)
                0x800133d4                l2cap_connect_ind
 .text.l2cap_disconnect_ind
                0x800134d8        0x8 C:/devkitPro/libogc/lib/wii\libbte.a(l2cap.o)
                0x800134d8                l2cap_disconnect_ind
 .text.l2cap_recv
                0x800134e0        0x8 C:/devkitPro/libogc/lib/wii\libbte.a(l2cap.o)
                0x800134e0                l2cap_recv
 .text.btmemb_init
                0x800134e8       0x24 C:/devkitPro/libogc/lib/wii\libbte.a(btmemb.o)
                0x800134e8                btmemb_init
 .text.btmemb_alloc
                0x8001350c       0x98 C:/devkitPro/libogc/lib/wii\libbte.a(btmemb.o)
                0x8001350c                btmemb_alloc
 .text.btmemb_free
                0x800135a4      0x114 C:/devkitPro/libogc/lib/wii\libbte.a(btmemb.o)
                0x800135a4                btmemb_free
 .text.plug_holes
                0x800136b8       0xac C:/devkitPro/libogc/lib/wii\libbte.a(btmemr.o)
 .text.btmemr_init
                0x80013764       0xa4 C:/devkitPro/libogc/lib/wii\libbte.a(btmemr.o)
                0x80013764                btmemr_init
 .text.btmemr_malloc
                0x80013808      0x17c C:/devkitPro/libogc/lib/wii\libbte.a(btmemr.o)
                0x80013808                btmemr_malloc
 .text.btmemr_free
                0x80013984       0x98 C:/devkitPro/libogc/lib/wii\libbte.a(btmemr.o)
                0x80013984                btmemr_free
 .text.btmemr_realloc
                0x80013a1c      0x108 C:/devkitPro/libogc/lib/wii\libbte.a(btmemr.o)
                0x80013a1c                btmemr_realloc
 .text.btpbuf_init
                0x80013b24       0x28 C:/devkitPro/libogc/lib/wii\libbte.a(btpbuf.o)
                0x80013b24                btpbuf_init
 .text.btpbuf_free
                0x80013b4c      0x11c C:/devkitPro/libogc/lib/wii\libbte.a(btpbuf.o)
                0x80013b4c                btpbuf_free
 .text.btpbuf_alloc
                0x80013c68      0x250 C:/devkitPro/libogc/lib/wii\libbte.a(btpbuf.o)
                0x80013c68                btpbuf_alloc
 .text.btpbuf_realloc
                0x80013eb8      0x110 C:/devkitPro/libogc/lib/wii\libbte.a(btpbuf.o)
                0x80013eb8                btpbuf_realloc
 .text.btpbuf_header
                0x80013fc8       0x84 C:/devkitPro/libogc/lib/wii\libbte.a(btpbuf.o)
                0x80013fc8                btpbuf_header
 .text.btpbuf_ref
                0x8001404c       0x48 C:/devkitPro/libogc/lib/wii\libbte.a(btpbuf.o)
                0x8001404c                btpbuf_ref
 .text.btpbuf_chain
                0x80014094       0x9c C:/devkitPro/libogc/lib/wii\libbte.a(btpbuf.o)
                0x80014094                btpbuf_chain
 .text.btpbuf_dechain
                0x80014130       0x7c C:/devkitPro/libogc/lib/wii\libbte.a(btpbuf.o)
                0x80014130                btpbuf_dechain
 .text.btpbuf_take
                0x800141ac      0x13c C:/devkitPro/libogc/lib/wii\libbte.a(btpbuf.o)
                0x800141ac                btpbuf_take
 .text.__usb_closeCB
                0x800142e8       0x10 C:/devkitPro/libogc/lib/wii\libbte.a(physbusif.o)
 .text.__writebulkmsgCB
                0x800142f8       0x3c C:/devkitPro/libogc/lib/wii\libbte.a(physbusif.o)
 .text.__writectrlmsgCB
                0x80014334       0x3c C:/devkitPro/libogc/lib/wii\libbte.a(physbusif.o)
 .text.__issue_intrread.part.0
                0x80014370       0x80 C:/devkitPro/libogc/lib/wii\libbte.a(physbusif.o)
 .text.__readintrdataCB
                0x800143f0      0x148 C:/devkitPro/libogc/lib/wii\libbte.a(physbusif.o)
 .text.__issue_bulkread.part.0
                0x80014538       0x80 C:/devkitPro/libogc/lib/wii\libbte.a(physbusif.o)
 .text.__readbulkdataCB
                0x800145b8      0x148 C:/devkitPro/libogc/lib/wii\libbte.a(physbusif.o)
 .text.physbusif_init
                0x80014700      0x1ec C:/devkitPro/libogc/lib/wii\libbte.a(physbusif.o)
                0x80014700                physbusif_init
 .text.physbusif_close
                0x800148ec       0x20 C:/devkitPro/libogc/lib/wii\libbte.a(physbusif.o)
                0x800148ec                physbusif_close
 .text.physbusif_shutdown
                0x8001490c       0x24 C:/devkitPro/libogc/lib/wii\libbte.a(physbusif.o)
                0x8001490c                physbusif_shutdown
 .text.physbusif_reset_all
                0x80014930        0x4 C:/devkitPro/libogc/lib/wii\libbte.a(physbusif.o)
                0x80014930                physbusif_reset_all
 .text.physbusif_output
                0x80014934      0x1c4 C:/devkitPro/libogc/lib/wii\libbte.a(physbusif.o)
                0x80014934                physbusif_output
 .text.__console_clear_line
                0x80014af8       0xb4 C:/devkitPro/libogc/lib/wii\libogc.a(console.o)
 .text.__console_clear
                0x80014bac       0xbc C:/devkitPro/libogc/lib/wii\libogc.a(console.o)
 .text.__console_write
                0x80014c68      0x82c C:/devkitPro/libogc/lib/wii\libogc.a(console.o)
                0x80014c68                __console_write
 .text.__console_init
                0x80015494      0x120 C:/devkitPro/libogc/lib/wii\libogc.a(console.o)
                0x80015494                __console_init
 .text.CON_Init
                0x800155b4        0x4 C:/devkitPro/libogc/lib/wii\libogc.a(console.o)
                0x800155b4                CON_Init
 .text.CON_EnableGecko
                0x800155b8      0x100 C:/devkitPro/libogc/lib/wii\libogc.a(console.o)
                0x800155b8                CON_EnableGecko
 .text.__lwp_queue_initialize
                0x800156b8       0x98 C:/devkitPro/libogc/lib/wii\libogc.a(lwp_queue.o)
                0x800156b8                __lwp_queue_initialize
 .text.__lwp_queue_get
                0x80015750       0x74 C:/devkitPro/libogc/lib/wii\libogc.a(lwp_queue.o)
                0x80015750                __lwp_queue_get
 .text.__lwp_queue_append
                0x800157c4       0x4c C:/devkitPro/libogc/lib/wii\libogc.a(lwp_queue.o)
                0x800157c4                __lwp_queue_append
 .text.__syscall_getreent
                0x80015810       0x24 C:/devkitPro/libogc/lib/wii\libogc.a(lwp_threads.o)
                0x80015810                __syscall_getreent
 .text.__lwp_isr_in_progress
                0x80015834        0x8 C:/devkitPro/libogc/lib/wii\libogc.a(lwp_threads.o)
                0x80015834                __lwp_isr_in_progress
 .text.__thread_dispatch_fp
                0x8001583c       0x88 C:/devkitPro/libogc/lib/wii\libogc.a(lwp_threads.o)
                0x8001583c                __thread_dispatch_fp
 .text.__thread_dispatch
                0x800158c4       0xf4 C:/devkitPro/libogc/lib/wii\libogc.a(lwp_threads.o)
                0x800158c4                __thread_dispatch
 .text.__lwp_thread_resettimeslice
                0x800159b8       0xb4 C:/devkitPro/libogc/lib/wii\libogc.a(lwp_threads.o)
                0x800159b8                __lwp_thread_resettimeslice
 .text.__lwp_thread_tickle_timeslice
                0x80015a6c       0xc8 C:/devkitPro/libogc/lib/wii\libogc.a(lwp_threads.o)
                0x80015a6c                __lwp_thread_tickle_timeslice
 .text.__lwp_thread_setstate
                0x80015b34      0x16c C:/devkitPro/libogc/lib/wii\libogc.a(lwp_threads.o)
                0x80015b34                __lwp_thread_setstate
 .text.__lwp_thread_clearstate
                0x80015ca0       0xe4 C:/devkitPro/libogc/lib/wii\libogc.a(lwp_threads.o)
                0x80015ca0                __lwp_thread_clearstate
 .text.__lwp_thread_delayended
                0x80015d84       0x48 C:/devkitPro/libogc/lib/wii\libogc.a(lwp_threads.o)
                0x80015d84                __lwp_thread_delayended
 .text.__lwp_thread_settransient
                0x80015dcc       0xb4 C:/devkitPro/libogc/lib/wii\libogc.a(lwp_threads.o)
                0x80015dcc                __lwp_thread_settransient
 .text.__lwp_thread_changepriority
                0x80015e80      0x1f8 C:/devkitPro/libogc/lib/wii\libogc.a(lwp_threads.o)
                0x80015e80                __lwp_thread_changepriority
 .text.__lwp_thread_ready
                0x80016078       0xf0 C:/devkitPro/libogc/lib/wii\libogc.a(lwp_threads.o)
                0x80016078                __lwp_thread_ready
 .text.__lwp_thread_init
                0x80016168      0x160 C:/devkitPro/libogc/lib/wii\libogc.a(lwp_threads.o)
                0x80016168                __lwp_thread_init
 .text.__lwp_thread_close
                0x800162c8      0x144 C:/devkitPro/libogc/lib/wii\libogc.a(lwp_threads.o)
                0x800162c8                __lwp_thread_close
 .text.__lwp_thread_handler
                0x8001640c       0xc0 C:/devkitPro/libogc/lib/wii\libogc.a(lwp_threads.o)
 .text.__lwp_thread_closeall
                0x800164cc       0xb0 C:/devkitPro/libogc/lib/wii\libogc.a(lwp_threads.o)
                0x800164cc                __lwp_thread_closeall
 .text.__lwp_thread_start
                0x8001657c      0x150 C:/devkitPro/libogc/lib/wii\libogc.a(lwp_threads.o)
                0x8001657c                __lwp_thread_start
 .text.__lwp_thread_startmultitasking
                0x800166cc       0xac C:/devkitPro/libogc/lib/wii\libogc.a(lwp_threads.o)
                0x800166cc                __lwp_thread_startmultitasking
 .text.__lwp_thread_stopmultitasking
                0x80016778       0x58 C:/devkitPro/libogc/lib/wii\libogc.a(lwp_threads.o)
                0x80016778                __lwp_thread_stopmultitasking
 .text.__lwp_thread_coreinit
                0x800167d0       0xc4 C:/devkitPro/libogc/lib/wii\libogc.a(lwp_threads.o)
                0x800167d0                __lwp_thread_coreinit
 .text.idle_func
                0x80016894        0x4 C:/devkitPro/libogc/lib/wii\libogc.a(lwp.o)
 .text.__lwp_sysinit
                0x80016898      0x114 C:/devkitPro/libogc/lib/wii\libogc.a(lwp.o)
                0x80016898                __lwp_sysinit
 .text.LWP_InitQueue
                0x800169ac      0x140 C:/devkitPro/libogc/lib/wii\libogc.a(lwp.o)
                0x800169ac                LWP_InitQueue
 .text.LWP_CloseQueue
                0x80016aec       0xd4 C:/devkitPro/libogc/lib/wii\libogc.a(lwp.o)
                0x80016aec                LWP_CloseQueue
 .text.LWP_ThreadSleep
                0x80016bc0       0xf8 C:/devkitPro/libogc/lib/wii\libogc.a(lwp.o)
                0x80016bc0                LWP_ThreadSleep
 .text.LWP_ThreadBroadcast
                0x80016cb8       0x88 C:/devkitPro/libogc/lib/wii\libogc.a(lwp.o)
                0x80016cb8                LWP_ThreadBroadcast
 .text.LWP_ThreadSignal
                0x80016d40       0x74 C:/devkitPro/libogc/lib/wii\libogc.a(lwp.o)
                0x80016d40                LWP_ThreadSignal
 .text.__lwp_stack_allocate
                0x80016db4       0x60 C:/devkitPro/libogc/lib/wii\libogc.a(lwp_stack.o)
                0x80016db4                __lwp_stack_allocate
 .text.__lwp_stack_free
                0x80016e14       0x1c C:/devkitPro/libogc/lib/wii\libogc.a(lwp_stack.o)
                0x80016e14                __lwp_stack_free
 .text.__lwp_wd_settimer
                0x80016e30       0xe0 C:/devkitPro/libogc/lib/wii\libogc.a(lwp_watchdog.o)
 .text.__lwp_watchdog_init
                0x80016f10       0x2c C:/devkitPro/libogc/lib/wii\libogc.a(lwp_watchdog.o)
                0x80016f10                __lwp_watchdog_init
 .text.__lwp_wd_insert
                0x80016f3c      0x194 C:/devkitPro/libogc/lib/wii\libogc.a(lwp_watchdog.o)
                0x80016f3c                __lwp_wd_insert
 .text.__lwp_wd_remove
                0x800170d0      0x138 C:/devkitPro/libogc/lib/wii\libogc.a(lwp_watchdog.o)
                0x800170d0                __lwp_wd_remove
 .text.__lwp_wd_tickle
                0x80017208      0x120 C:/devkitPro/libogc/lib/wii\libogc.a(lwp_watchdog.o)
                0x80017208                __lwp_wd_tickle
 .text.__lwp_wkspace_init
                0x80017328       0xc0 C:/devkitPro/libogc/lib/wii\libogc.a(lwp_wkspace.o)
                0x80017328                __lwp_wkspace_init
 .text.__lwp_objmgr_initinfo
                0x800173e8      0x1a0 C:/devkitPro/libogc/lib/wii\libogc.a(lwp_objmgr.o)
                0x800173e8                __lwp_objmgr_initinfo
 .text.__lwp_objmgr_getisrdisable
                0x80017588       0x60 C:/devkitPro/libogc/lib/wii\libogc.a(lwp_objmgr.o)
                0x80017588                __lwp_objmgr_getisrdisable
 .text.__lwp_objmgr_getnoprotection
                0x800175e8       0x24 C:/devkitPro/libogc/lib/wii\libogc.a(lwp_objmgr.o)
                0x800175e8                __lwp_objmgr_getnoprotection
 .text.__lwp_objmgr_get
                0x8001760c       0x6c C:/devkitPro/libogc/lib/wii\libogc.a(lwp_objmgr.o)
                0x8001760c                __lwp_objmgr_get
 .text.__lwp_objmgr_allocate
                0x80017678       0x88 C:/devkitPro/libogc/lib/wii\libogc.a(lwp_objmgr.o)
                0x80017678                __lwp_objmgr_allocate
 .text.__lwp_objmgr_free
                0x80017700       0x60 C:/devkitPro/libogc/lib/wii\libogc.a(lwp_objmgr.o)
                0x80017700                __lwp_objmgr_free
 .text.__lwp_heap_init
                0x80017760       0xa4 C:/devkitPro/libogc/lib/wii\libogc.a(lwp_heap.o)
                0x80017760                __lwp_heap_init
 .text.__lwp_heap_allocate
                0x80017804      0x160 C:/devkitPro/libogc/lib/wii\libogc.a(lwp_heap.o)
                0x80017804                __lwp_heap_allocate
 .text.__lwp_heap_free
                0x80017964      0x188 C:/devkitPro/libogc/lib/wii\libogc.a(lwp_heap.o)
                0x80017964                __lwp_heap_free
 .text.__SetInterrupts
                0x80017aec      0x268 C:/devkitPro/libogc/lib/wii\libogc.a(irq.o)
 .text.c_irqdispatcher
                0x80017d54      0x278 C:/devkitPro/libogc/lib/wii\libogc.a(irq.o)
                0x80017d54                c_irqdispatcher
 .text.__UnmaskIrq
                0x80017fcc       0x84 C:/devkitPro/libogc/lib/wii\libogc.a(irq.o)
                0x80017fcc                __UnmaskIrq
 .text.__MaskIrq
                0x80018050       0x84 C:/devkitPro/libogc/lib/wii\libogc.a(irq.o)
                0x80018050                __MaskIrq
 .text.__irq_init
                0x800180d4       0x84 C:/devkitPro/libogc/lib/wii\libogc.a(irq.o)
                0x800180d4                __irq_init
 .text.IRQ_Request
                0x80018158       0x50 C:/devkitPro/libogc/lib/wii\libogc.a(irq.o)
                0x80018158                IRQ_Request
 .text.IRQ_GetHandler
                0x800181a8       0x44 C:/devkitPro/libogc/lib/wii\libogc.a(irq.o)
                0x800181a8                IRQ_GetHandler
 .text.IRQ_Disable
                0x800181ec       0x1c C:/devkitPro/libogc/lib/wii\libogc.a(irq.o)
                0x800181ec                IRQ_Disable
 .text.IRQ_Restore
                0x80018208       0x1c C:/devkitPro/libogc/lib/wii\libogc.a(irq.o)
                0x80018208                IRQ_Restore
 .text.__VISendI2CData.constprop.0.isra.0
                0x80018224      0x450 C:/devkitPro/libogc/lib/wii\libogc.a(video.o)
 .text.__setFbbRegs.constprop.0
                0x80018674      0x190 C:/devkitPro/libogc/lib/wii\libogc.a(video.o)
 .text.__VISetYUVSEL
                0x80018804       0xb8 C:/devkitPro/libogc/lib/wii\libogc.a(video.o)
 .text.VIDEO_Configure
                0x800188bc      0x5ec C:/devkitPro/libogc/lib/wii\libogc.a(video.o)
                0x800188bc                VIDEO_Configure
 .text.VIDEO_WaitVSync
                0x80018ea8       0x74 C:/devkitPro/libogc/lib/wii\libogc.a(video.o)
                0x80018ea8                VIDEO_WaitVSync
 .text.VIDEO_SetFramebuffer
                0x80018f1c      0x108 C:/devkitPro/libogc/lib/wii\libogc.a(video.o)
                0x80018f1c                VIDEO_SetFramebuffer
 .text.VIDEO_SetNextFramebuffer
                0x80019024       0x70 C:/devkitPro/libogc/lib/wii\libogc.a(video.o)
                0x80019024                VIDEO_SetNextFramebuffer
 .text.VIDEO_Flush
                0x80019094       0xf4 C:/devkitPro/libogc/lib/wii\libogc.a(video.o)
                0x80019094                VIDEO_Flush
 .text.VIDEO_SetBlack
                0x80019188      0x15c C:/devkitPro/libogc/lib/wii\libogc.a(video.o)
                0x80019188                VIDEO_SetBlack
 .text.VIDEO_GetCurrentTvMode
                0x800192e4       0x78 C:/devkitPro/libogc/lib/wii\libogc.a(video.o)
                0x800192e4                VIDEO_GetCurrentTvMode
 .text.__VIRetraceHandler
                0x8001935c      0x298 C:/devkitPro/libogc/lib/wii\libogc.a(video.o)
 .text.__VISetupEncoder
                0x800195f4      0x2cc C:/devkitPro/libogc/lib/wii\libogc.a(video.o)
 .text.VIDEO_Init
                0x800198c0      0x4e4 C:/devkitPro/libogc/lib/wii\libogc.a(video.o)
                0x800198c0                VIDEO_Init
 .text.VIDEO_GetPreferredMode
                0x80019da4      0x108 C:/devkitPro/libogc/lib/wii\libogc.a(video.o)
                0x80019da4                VIDEO_GetPreferredMode
 .text.VIDEO_GetCurrentLine
                0x80019eac       0x9c C:/devkitPro/libogc/lib/wii\libogc.a(video.o)
                0x80019eac                VIDEO_GetCurrentLine
 .text.VIDEO_GetFrameBufferSize
                0x80019f48       0x34 C:/devkitPro/libogc/lib/wii\libogc.a(video.o)
                0x80019f48                VIDEO_GetFrameBufferSize
 .text.__call_resetfuncs
                0x80019f7c       0xbc C:/devkitPro/libogc/lib/wii\libogc.a(system.o)
 .text.__MEMInterruptHandler
                0x8001a038       0x14 C:/devkitPro/libogc/lib/wii\libogc.a(system.o)
 .text.__RSWDefaultHandler
                0x8001a04c        0x4 C:/devkitPro/libogc/lib/wii\libogc.a(system.o)
 .text.__POWDefaultHandler
                0x8001a050        0x4 C:/devkitPro/libogc/lib/wii\libogc.a(system.o)
 .text.__STMEventHandler
                0x8001a054      0x104 C:/devkitPro/libogc/lib/wii\libogc.a(system.o)
 .text.__getrtc
                0x8001a158      0x13c C:/devkitPro/libogc/lib/wii\libogc.a(system.o)
 .text.__sram_write
                0x8001a294      0x130 C:/devkitPro/libogc/lib/wii\libogc.a(system.o)
 .text.__sram_writecallback
                0x8001a3c4       0x54 C:/devkitPro/libogc/lib/wii\libogc.a(system.o)
 .text.__mem_onreset
                0x8001a418       0x48 C:/devkitPro/libogc/lib/wii\libogc.a(system.o)
 .text.__unlocksram
                0x8001a460      0x174 C:/devkitPro/libogc/lib/wii\libogc.a(system.o)
 .text.__sys_alarmhandler
                0x8001a5d4      0x154 C:/devkitPro/libogc/lib/wii\libogc.a(system.o)
 .text.__syscall_malloc_lock
                0x8001a728        0x4 C:/devkitPro/libogc/lib/wii\libogc.a(system.o)
                0x8001a728                __syscall_malloc_lock
 .text.__syscall_malloc_unlock
                0x8001a72c        0x4 C:/devkitPro/libogc/lib/wii\libogc.a(system.o)
                0x8001a72c                __syscall_malloc_unlock
 .text.__syscall_nanosleep
                0x8001a730        0x4 C:/devkitPro/libogc/lib/wii\libogc.a(system.o)
                0x8001a730                __syscall_nanosleep
 .text.__SYS_GetRTC
                0x8001a734       0xa0 C:/devkitPro/libogc/lib/wii\libogc.a(system.o)
                0x8001a734                __SYS_GetRTC
 .text.__SYS_SetBootTime
                0x8001a7d4      0x108 C:/devkitPro/libogc/lib/wii\libogc.a(system.o)
                0x8001a7d4                __SYS_SetBootTime
 .text.__SYS_GetIPCBufferLo
                0x8001a8dc        0x8 C:/devkitPro/libogc/lib/wii\libogc.a(system.o)
                0x8001a8dc                __SYS_GetIPCBufferLo
 .text.__SYS_GetIPCBufferHi
                0x8001a8e4        0x8 C:/devkitPro/libogc/lib/wii\libogc.a(system.o)
                0x8001a8e4                __SYS_GetIPCBufferHi
 .text.__SYS_DoPowerCB
                0x8001a8ec       0x74 C:/devkitPro/libogc/lib/wii\libogc.a(system.o)
                0x8001a8ec                __SYS_DoPowerCB
 .text.__SYS_PreInit
                0x8001a960        0x4 C:/devkitPro/libogc/lib/wii\libogc.a(system.o)
                0x8001a960                __SYS_PreInit
 .text.SYS_PreMain
                0x8001a964       0x7c C:/devkitPro/libogc/lib/wii\libogc.a(system.o)
                0x8001a964                SYS_PreMain
 .text.SYS_ResetButtonDown
                0x8001a9e0       0x18 C:/devkitPro/libogc/lib/wii\libogc.a(system.o)
                0x8001a9e0                SYS_ResetButtonDown
 .text.SYS_ResetSystem
                0x8001a9f8      0x210 C:/devkitPro/libogc/lib/wii\libogc.a(system.o)
                0x8001a9f8                SYS_ResetSystem
 .text.__reload
                0x8001ac08       0x80 C:/devkitPro/libogc/lib/wii\libogc.a(system.o)
                0x8001ac08                __reload
 .text.__syscall_exit
                0x8001ac88       0x88 C:/devkitPro/libogc/lib/wii\libogc.a(system.o)
                0x8001ac88                __syscall_exit
 .text.SYS_RegisterResetFunc
                0x8001ad10       0x78 C:/devkitPro/libogc/lib/wii\libogc.a(system.o)
                0x8001ad10                SYS_RegisterResetFunc
 .text.SYS_SetArena1Lo
                0x8001ad88       0x38 C:/devkitPro/libogc/lib/wii\libogc.a(system.o)
                0x8001ad88                SYS_SetArena1Lo
 .text.SYS_GetArena1Lo
                0x8001adc0       0x38 C:/devkitPro/libogc/lib/wii\libogc.a(system.o)
                0x8001adc0                SYS_GetArena1Lo
 .text.SYS_GetArena1Hi
                0x8001adf8       0x38 C:/devkitPro/libogc/lib/wii\libogc.a(system.o)
                0x8001adf8                SYS_GetArena1Hi
 .text.SYS_SetArena2Lo
                0x8001ae30       0x38 C:/devkitPro/libogc/lib/wii\libogc.a(system.o)
                0x8001ae30                SYS_SetArena2Lo
 .text.SYS_GetArena2Lo
                0x8001ae68       0x38 C:/devkitPro/libogc/lib/wii\libogc.a(system.o)
                0x8001ae68                SYS_GetArena2Lo
 .text.SYS_SetArena2Hi
                0x8001aea0       0x38 C:/devkitPro/libogc/lib/wii\libogc.a(system.o)
                0x8001aea0                SYS_SetArena2Hi
 .text.SYS_GetArena2Hi
                0x8001aed8       0x38 C:/devkitPro/libogc/lib/wii\libogc.a(system.o)
                0x8001aed8                SYS_GetArena2Hi
 .text.SYS_AllocateFramebuffer
                0x8001af10       0x28 C:/devkitPro/libogc/lib/wii\libogc.a(system.o)
                0x8001af10                SYS_AllocateFramebuffer
 .text.SYS_CreateAlarm
                0x8001af38       0xf0 C:/devkitPro/libogc/lib/wii\libogc.a(system.o)
                0x8001af38                SYS_CreateAlarm
 .text.SYS_SetAlarm
                0x8001b028      0x1e0 C:/devkitPro/libogc/lib/wii\libogc.a(system.o)
                0x8001b028                SYS_SetAlarm
 .text.SYS_SetPeriodicAlarm
                0x8001b208      0x270 C:/devkitPro/libogc/lib/wii\libogc.a(system.o)
                0x8001b208                SYS_SetPeriodicAlarm
 .text.SYS_RemoveAlarm
                0x8001b478      0x10c C:/devkitPro/libogc/lib/wii\libogc.a(system.o)
                0x8001b478                SYS_RemoveAlarm
 .text.SYS_CancelAlarm
                0x8001b584       0xbc C:/devkitPro/libogc/lib/wii\libogc.a(system.o)
                0x8001b584                SYS_CancelAlarm
 .text.SYS_GetWirelessID
                0x8001b640       0x94 C:/devkitPro/libogc/lib/wii\libogc.a(system.o)
                0x8001b640                SYS_GetWirelessID
 .text.SYS_SetWirelessID
                0x8001b6d4       0x90 C:/devkitPro/libogc/lib/wii\libogc.a(system.o)
                0x8001b6d4                SYS_SetWirelessID
 .text.SYS_SetGBSMode
                0x8001b764       0xa8 C:/devkitPro/libogc/lib/wii\libogc.a(system.o)
                0x8001b764                SYS_SetGBSMode
 .text.__sram_init
                0x8001b80c      0x1b8 C:/devkitPro/libogc/lib/wii\libogc.a(system.o)
                0x8001b80c                __sram_init
 .text.SYS_Init
                0x8001b9c4      0x5e8 C:/devkitPro/libogc/lib/wii\libogc.a(system.o)
                0x8001b9c4                SYS_Init
 .text.SYS_GetHollywoodRevision
                0x8001bfac       0x3c C:/devkitPro/libogc/lib/wii\libogc.a(system.o)
                0x8001bfac                SYS_GetHollywoodRevision
 .text.SYS_Time
                0x8001bfe8       0x78 C:/devkitPro/libogc/lib/wii\libogc.a(system.o)
                0x8001bfe8                SYS_Time
 .text.__lwp_cond_init
                0x8001c060       0x14 C:/devkitPro/libogc/lib/wii\libogc.a(cond.o)
                0x8001c060                __lwp_cond_init
 .text.__decrementer_init
                0x8001c074        0x4 C:/devkitPro/libogc/lib/wii\libogc.a(decrementer.o)
                0x8001c074                __decrementer_init
 .text.c_decrementer_handler
                0x8001c078        0xc C:/devkitPro/libogc/lib/wii\libogc.a(decrementer.o)
                0x8001c078                c_decrementer_handler
 .text.__lwp_mqbox_init
                0x8001c084       0x14 C:/devkitPro/libogc/lib/wii\libogc.a(message.o)
                0x8001c084                __lwp_mqbox_init
 .text.__si_transfer
                0x8001c098      0x1a4 C:/devkitPro/libogc/lib/wii\libogc.a(si.o)
 .text.__si_alarmhandler
                0x8001c23c       0xdc C:/devkitPro/libogc/lib/wii\libogc.a(si.o)
 .text.__si_completetransfer
                0x8001c318      0x1fc C:/devkitPro/libogc/lib/wii\libogc.a(si.o)
 .text.__si_transfernext
                0x8001c514       0xe0 C:/devkitPro/libogc/lib/wii\libogc.a(si.o)
 .text.SI_Busy  0x8001c5f4       0x18 C:/devkitPro/libogc/lib/wii\libogc.a(si.o)
                0x8001c5f4                SI_Busy
 .text.SI_IsChanBusy
                0x8001c60c       0x38 C:/devkitPro/libogc/lib/wii\libogc.a(si.o)
                0x8001c60c                SI_IsChanBusy
 .text.SI_SetXY
                0x8001c644       0x64 C:/devkitPro/libogc/lib/wii\libogc.a(si.o)
                0x8001c644                SI_SetXY
 .text.SI_EnablePolling
                0x8001c6a8       0x80 C:/devkitPro/libogc/lib/wii\libogc.a(si.o)
                0x8001c6a8                SI_EnablePolling
 .text.SI_DisablePolling
                0x8001c728       0x58 C:/devkitPro/libogc/lib/wii\libogc.a(si.o)
                0x8001c728                SI_DisablePolling
 .text.SI_SetSamplingRate
                0x8001c780       0xd8 C:/devkitPro/libogc/lib/wii\libogc.a(si.o)
                0x8001c780                SI_SetSamplingRate
 .text.SI_RefreshSamplingRate
                0x8001c858        0x8 C:/devkitPro/libogc/lib/wii\libogc.a(si.o)
                0x8001c858                SI_RefreshSamplingRate
 .text.SI_GetStatus
                0x8001c860       0x78 C:/devkitPro/libogc/lib/wii\libogc.a(si.o)
                0x8001c860                SI_GetStatus
 .text.SI_GetResponseRaw
                0x8001c8d8       0xe8 C:/devkitPro/libogc/lib/wii\libogc.a(si.o)
                0x8001c8d8                SI_GetResponseRaw
 .text.SI_GetResponse
                0x8001c9c0       0xb8 C:/devkitPro/libogc/lib/wii\libogc.a(si.o)
                0x8001c9c0                SI_GetResponse
 .text.SI_SetCommand
                0x8001ca78       0x10 C:/devkitPro/libogc/lib/wii\libogc.a(si.o)
                0x8001ca78                SI_SetCommand
 .text.SI_Transfer
                0x8001ca88      0x26c C:/devkitPro/libogc/lib/wii\libogc.a(si.o)
                0x8001ca88                SI_Transfer
 .text.__si_gettypecallback
                0x8001ccf4      0x2c0 C:/devkitPro/libogc/lib/wii\libogc.a(si.o)
 .text.__si_interrupthandler
                0x8001cfb4      0x268 C:/devkitPro/libogc/lib/wii\libogc.a(si.o)
 .text.SI_GetType
                0x8001d21c      0x1f4 C:/devkitPro/libogc/lib/wii\libogc.a(si.o)
                0x8001d21c                SI_GetType
 .text.SI_GetTypeAsync
                0x8001d410      0x138 C:/devkitPro/libogc/lib/wii\libogc.a(si.o)
                0x8001d410                SI_GetTypeAsync
 .text.SI_EnablePollingInterrupt
                0x8001d548       0x8c C:/devkitPro/libogc/lib/wii\libogc.a(si.o)
                0x8001d548                SI_EnablePollingInterrupt
 .text.SI_UnregisterPollingHandler
                0x8001d5d4       0xe0 C:/devkitPro/libogc/lib/wii\libogc.a(si.o)
                0x8001d5d4                SI_UnregisterPollingHandler
 .text.__si_init
                0x8001d6b4       0xe8 C:/devkitPro/libogc/lib/wii\libogc.a(si.o)
                0x8001d6b4                __si_init
 .text.__ipc_sendrequest
                0x8001d79c      0x104 C:/devkitPro/libogc/lib/wii\libogc.a(ipc.o)
 .text.__ipc_syncrequest
                0x8001d8a0       0xe4 C:/devkitPro/libogc/lib/wii\libogc.a(ipc.o)
 .text.__ioctlvfmtCB
                0x8001d984      0x158 C:/devkitPro/libogc/lib/wii\libogc.a(ipc.o)
 .text.__ios_ioctlvformat_parse
                0x8001dadc      0x820 C:/devkitPro/libogc/lib/wii\libogc.a(ipc.o)
 .text.__ipc_asyncrequest
                0x8001e2fc      0x13c C:/devkitPro/libogc/lib/wii\libogc.a(ipc.o)
 .text.__ipc_interrupthandler
                0x8001e438      0x34c C:/devkitPro/libogc/lib/wii\libogc.a(ipc.o)
 .text.iosCreateHeap
                0x8001e784      0x130 C:/devkitPro/libogc/lib/wii\libogc.a(ipc.o)
                0x8001e784                iosCreateHeap
 .text.iosAlloc
                0x8001e8b4       0x30 C:/devkitPro/libogc/lib/wii\libogc.a(ipc.o)
                0x8001e8b4                iosAlloc
 .text.iosFree  0x8001e8e4       0x28 C:/devkitPro/libogc/lib/wii\libogc.a(ipc.o)
                0x8001e8e4                iosFree
 .text.__IPC_ClntInit
                0x8001e90c       0xc8 C:/devkitPro/libogc/lib/wii\libogc.a(ipc.o)
                0x8001e90c                __IPC_ClntInit
 .text.IOS_Open
                0x8001e9d4      0x110 C:/devkitPro/libogc/lib/wii\libogc.a(ipc.o)
                0x8001e9d4                IOS_Open
 .text.IOS_Close
                0x8001eae4       0xf0 C:/devkitPro/libogc/lib/wii\libogc.a(ipc.o)
                0x8001eae4                IOS_Close
 .text.IOS_CloseAsync
                0x8001ebd4       0xb4 C:/devkitPro/libogc/lib/wii\libogc.a(ipc.o)
                0x8001ebd4                IOS_CloseAsync
 .text.IOS_Read
                0x8001ec88      0x10c C:/devkitPro/libogc/lib/wii\libogc.a(ipc.o)
                0x8001ec88                IOS_Read
 .text.IOS_Write
                0x8001ed94      0x10c C:/devkitPro/libogc/lib/wii\libogc.a(ipc.o)
                0x8001ed94                IOS_Write
 .text.IOS_Ioctl
                0x8001eea0      0x158 C:/devkitPro/libogc/lib/wii\libogc.a(ipc.o)
                0x8001eea0                IOS_Ioctl
 .text.IOS_IoctlAsync
                0x8001eff8      0x148 C:/devkitPro/libogc/lib/wii\libogc.a(ipc.o)
                0x8001eff8                IOS_IoctlAsync
 .text.IOS_Ioctlv
                0x8001f140      0x1f0 C:/devkitPro/libogc/lib/wii\libogc.a(ipc.o)
                0x8001f140                IOS_Ioctlv
 .text.IOS_IoctlvAsync
                0x8001f330      0x1d4 C:/devkitPro/libogc/lib/wii\libogc.a(ipc.o)
                0x8001f330                IOS_IoctlvAsync
 .text.IOS_IoctlvFormat
                0x8001f504      0x16c C:/devkitPro/libogc/lib/wii\libogc.a(ipc.o)
                0x8001f504                IOS_IoctlvFormat
 .text.IOS_IoctlvReboot
                0x8001f670      0x1f4 C:/devkitPro/libogc/lib/wii\libogc.a(ipc.o)
                0x8001f670                IOS_IoctlvReboot
 .text.gettick  0x8001f864        0x8 C:/devkitPro/libogc/lib/wii\libogc.a(timesupp.o)
                0x8001f864                gettick
 .text.gettime  0x8001f86c       0x18 C:/devkitPro/libogc/lib/wii\libogc.a(timesupp.o)
                0x8001f86c                gettime
 .text.settime  0x8001f884       0x14 C:/devkitPro/libogc/lib/wii\libogc.a(timesupp.o)
                0x8001f884                settime
 .text.diff_usec
                0x8001f898       0x88 C:/devkitPro/libogc/lib/wii\libogc.a(timesupp.o)
                0x8001f898                diff_usec
 .text.__timesystem_init
                0x8001f920       0x1c C:/devkitPro/libogc/lib/wii\libogc.a(timesupp.o)
                0x8001f920                __timesystem_init
 .text.udelay   0x8001f93c       0xac C:/devkitPro/libogc/lib/wii\libogc.a(timesupp.o)
                0x8001f93c                udelay
 .text.__libogc_nanosleep
                0x8001f9e8      0x144 C:/devkitPro/libogc/lib/wii\libogc.a(timesupp.o)
                0x8001f9e8                __libogc_nanosleep
 .text.__syscall_lock_init
                0x8001fb2c       0x6c C:/devkitPro/libogc/lib/wii\libogc.a(lock_supp.o)
                0x8001fb2c                __syscall_lock_init
 .text.__syscall_lock_init_recursive
                0x8001fb98       0x6c C:/devkitPro/libogc/lib/wii\libogc.a(lock_supp.o)
                0x8001fb98                __syscall_lock_init_recursive
 .text.__syscall_lock_close
                0x8001fc04       0x68 C:/devkitPro/libogc/lib/wii\libogc.a(lock_supp.o)
                0x8001fc04                __syscall_lock_close
 .text.__syscall_lock_acquire
                0x8001fc6c       0x18 C:/devkitPro/libogc/lib/wii\libogc.a(lock_supp.o)
                0x8001fc6c                __syscall_lock_acquire
 .text.__syscall_lock_release
                0x8001fc84       0x18 C:/devkitPro/libogc/lib/wii\libogc.a(lock_supp.o)
                0x8001fc84                __syscall_lock_release
 .text.__usbgecko_exi_unlock
                0x8001fc9c       0x34 C:/devkitPro/libogc/lib/wii\libogc.a(usbgecko.o)
 .text.usb_isgeckoalive
                0x8001fcd0      0x1bc C:/devkitPro/libogc/lib/wii\libogc.a(usbgecko.o)
                0x8001fcd0                usb_isgeckoalive
 .text.usb_sendbuffer_ex
                0x8001fe8c      0x214 C:/devkitPro/libogc/lib/wii\libogc.a(usbgecko.o)
                0x8001fe8c                usb_sendbuffer_ex
 .text.usb_sendbuffer
                0x800200a0        0x8 C:/devkitPro/libogc/lib/wii\libogc.a(usbgecko.o)
                0x800200a0                usb_sendbuffer
 .text.usb_sendbuffer_safe_ex
                0x800200a8      0x2a8 C:/devkitPro/libogc/lib/wii\libogc.a(usbgecko.o)
                0x800200a8                usb_sendbuffer_safe_ex
 .text.usb_sendbuffer_safe
                0x80020350        0x8 C:/devkitPro/libogc/lib/wii\libogc.a(usbgecko.o)
                0x80020350                usb_sendbuffer_safe
 .text._sbrk_r  0x80020358      0x28c C:/devkitPro/libogc/lib/wii\libogc.a(sbrk.o)
                0x80020358                _sbrk_r
 .text.__memlock_init
                0x800205e4       0x7c C:/devkitPro/libogc/lib/wii\libogc.a(malloc_lock.o)
                0x800205e4                __memlock_init
 .text.__libogc_malloc_lock
                0x80020660      0x1fc C:/devkitPro/libogc/lib/wii\libogc.a(malloc_lock.o)
                0x80020660                __libogc_malloc_lock
 .text.__libogc_malloc_unlock
                0x8002085c       0x64 C:/devkitPro/libogc/lib/wii\libogc.a(malloc_lock.o)
                0x8002085c                __libogc_malloc_unlock
 .text.__STM_SetEventHook
                0x800208c0       0xb0 C:/devkitPro/libogc/lib/wii\libogc.a(stm.o)
                0x800208c0                __STM_SetEventHook
 .text.__STM_Init
                0x80020970       0x8c C:/devkitPro/libogc/lib/wii\libogc.a(stm.o)
                0x80020970                __STM_Init
 .text.__STMEventHandler
                0x800209fc       0x64 C:/devkitPro/libogc/lib/wii\libogc.a(stm.o)
 .text.__STM_ReleaseEventHook
                0x80020a60       0x80 C:/devkitPro/libogc/lib/wii\libogc.a(stm.o)
                0x80020a60                __STM_ReleaseEventHook
 .text.__STM_Close
                0x80020ae0       0xac C:/devkitPro/libogc/lib/wii\libogc.a(stm.o)
                0x80020ae0                __STM_Close
 .text.STM_RegisterEventHandler
                0x80020b8c       0x10 C:/devkitPro/libogc/lib/wii\libogc.a(stm.o)
                0x80020b8c                STM_RegisterEventHandler
 .text.STM_ShutdownToStandby
                0x80020b9c       0x50 C:/devkitPro/libogc/lib/wii\libogc.a(stm.o)
                0x80020b9c                STM_ShutdownToStandby
 .text.STM_ShutdownToIdle
                0x80020bec       0x70 C:/devkitPro/libogc/lib/wii\libogc.a(stm.o)
                0x80020bec                STM_ShutdownToIdle
 .text.STM_SetLedMode
                0x80020c5c       0x40 C:/devkitPro/libogc/lib/wii\libogc.a(stm.o)
                0x80020c5c                STM_SetLedMode
 .text.STM_RebootSystem
                0x80020c9c       0x50 C:/devkitPro/libogc/lib/wii\libogc.a(stm.o)
                0x80020c9c                STM_RebootSystem
 .text.__IOS_InitializeSubsystems
                0x80020cec       0x44 C:/devkitPro/libogc/lib/wii\libogc.a(ios.o)
                0x80020cec                __IOS_InitializeSubsystems
 .text.__IOS_ShutdownSubsystems
                0x80020d30       0x44 C:/devkitPro/libogc/lib/wii\libogc.a(ios.o)
                0x80020d30                __IOS_ShutdownSubsystems
 .text.__IOS_LoadStartupIOS
                0x80020d74        0x8 C:/devkitPro/libogc/lib/wii\libogc.a(ios.o)
                0x80020d74                __IOS_LoadStartupIOS
 .text._ES_fstat_r
                0x80020d7c      0x120 C:/devkitPro/libogc/lib/wii\libogc.a(es.o)
 .text._ES_seek_r
                0x80020e9c       0xdc C:/devkitPro/libogc/lib/wii\libogc.a(es.o)
 .text._ES_close_r
                0x80020f78       0xac C:/devkitPro/libogc/lib/wii\libogc.a(es.o)
 .text.__ES_Init
                0x80021024       0x78 C:/devkitPro/libogc/lib/wii\libogc.a(es.o)
                0x80021024                __ES_Init
 .text.__ES_Close
                0x8002109c       0x54 C:/devkitPro/libogc/lib/wii\libogc.a(es.o)
                0x8002109c                __ES_Close
 .text.ES_GetTitleID
                0x800210f0       0x94 C:/devkitPro/libogc/lib/wii\libogc.a(es.o)
                0x800210f0                ES_GetTitleID
 .text.ES_LaunchTitle
                0x80021184       0xa4 C:/devkitPro/libogc/lib/wii\libogc.a(es.o)
                0x80021184                ES_LaunchTitle
 .text.ES_GetNumTicketViews
                0x80021228       0x98 C:/devkitPro/libogc/lib/wii\libogc.a(es.o)
                0x80021228                ES_GetNumTicketViews
 .text.ES_GetTicketViews
                0x800212c0       0x8c C:/devkitPro/libogc/lib/wii\libogc.a(es.o)
                0x800212c0                ES_GetTicketViews
 .text.ES_GetStoredTMD
                0x8002134c       0x90 C:/devkitPro/libogc/lib/wii\libogc.a(es.o)
                0x8002134c                ES_GetStoredTMD
 .text._ES_decodepath
                0x800213dc      0x440 C:/devkitPro/libogc/lib/wii\libogc.a(es.o)
 .text._ES_stat_r
                0x8002181c       0xf4 C:/devkitPro/libogc/lib/wii\libogc.a(es.o)
 .text._ES_open_r
                0x80021910      0x1d0 C:/devkitPro/libogc/lib/wii\libogc.a(es.o)
 .text.ES_ReadContent
                0x80021ae0       0x6c C:/devkitPro/libogc/lib/wii\libogc.a(es.o)
                0x80021ae0                ES_ReadContent
 .text._ES_read_r
                0x80021b4c      0x17c C:/devkitPro/libogc/lib/wii\libogc.a(es.o)
 .text.__usbv5_devicechangeCB
                0x80021cc8      0x180 C:/devkitPro/libogc/lib/wii\libogc.a(usb.o)
 .text.__usbv5_attachfinishCB
                0x80021e48       0xcc C:/devkitPro/libogc/lib/wii\libogc.a(usb.o)
 .text.__usbv5_messageCB
                0x80021f14       0x5c C:/devkitPro/libogc/lib/wii\libogc.a(usb.o)
 .text.__usbv0_messageCB
                0x80021f70       0xa8 C:/devkitPro/libogc/lib/wii\libogc.a(usb.o)
 .text.__usb_control_message
                0x80022018      0x428 C:/devkitPro/libogc/lib/wii\libogc.a(usb.o)
 .text.__usb_interrupt_bulk_message
                0x80022440      0x2c0 C:/devkitPro/libogc/lib/wii\libogc.a(usb.o)
 .text.USB_FreeDescriptors.part.0
                0x80022700       0xfc C:/devkitPro/libogc/lib/wii\libogc.a(usb.o)
 .text.USB_GetDescriptors.part.0
                0x800227fc      0x674 C:/devkitPro/libogc/lib/wii\libogc.a(usb.o)
 .text.USBV5_SuspendResume
                0x80022e70      0x138 C:/devkitPro/libogc/lib/wii\libogc.a(usb.o)
 .text.USBV5_GetDescriptors
                0x80022fa8      0x518 C:/devkitPro/libogc/lib/wii\libogc.a(usb.o)
 .text.USB_Deinitialize
                0x800234c0       0xc8 C:/devkitPro/libogc/lib/wii\libogc.a(usb.o)
                0x800234c0                USB_Deinitialize
 .text.USB_Initialize
                0x80023588      0x2f8 C:/devkitPro/libogc/lib/wii\libogc.a(usb.o)
                0x80023588                USB_Initialize
 .text.USB_OpenDevice
                0x80023880      0x2b8 C:/devkitPro/libogc/lib/wii\libogc.a(usb.o)
                0x80023880                USB_OpenDevice
 .text.USBV5_CloseDevice
                0x80023b38      0x128 C:/devkitPro/libogc/lib/wii\libogc.a(usb.o)
                0x80023b38                USBV5_CloseDevice
 .text.USB_CloseDeviceAsync
                0x80023c60       0xd0 C:/devkitPro/libogc/lib/wii\libogc.a(usb.o)
                0x80023c60                USB_CloseDeviceAsync
 .text.USB_ReadIntrMsgAsync
                0x80023d30       0x28 C:/devkitPro/libogc/lib/wii\libogc.a(usb.o)
                0x80023d30                USB_ReadIntrMsgAsync
 .text.USB_ReadBlkMsgAsync
                0x80023d58       0x28 C:/devkitPro/libogc/lib/wii\libogc.a(usb.o)
                0x80023d58                USB_ReadBlkMsgAsync
 .text.USB_WriteBlkMsgAsync
                0x80023d80       0x28 C:/devkitPro/libogc/lib/wii\libogc.a(usb.o)
                0x80023d80                USB_WriteBlkMsgAsync
 .text.USB_WriteCtrlMsgAsync
                0x80023da8        0x4 C:/devkitPro/libogc/lib/wii\libogc.a(usb.o)
                0x80023da8                USB_WriteCtrlMsgAsync
 .text.__CheckARGV
                0x80023dac       0x80 C:/devkitPro/libogc/lib/wii\libogc.a(argv.o)
                0x80023dac                __CheckARGV
 .text.CONF_Init
                0x80023e2c      0x184 C:/devkitPro/libogc/lib/wii\libogc.a(conf.o)
                0x80023e2c                CONF_Init
 .text.__CONF_GetTxt
                0x80023fb0      0x208 C:/devkitPro/libogc/lib/wii\libogc.a(conf.o)
                0x80023fb0                __CONF_GetTxt
 .text.__CONF_Find
                0x800241b8       0xfc C:/devkitPro/libogc/lib/wii\libogc.a(conf.o)
                0x800241b8                __CONF_Find
 .text.CONF_GetLength
                0x800242b4      0x12c C:/devkitPro/libogc/lib/wii\libogc.a(conf.o)
                0x800242b4                CONF_GetLength
 .text.CONF_Get
                0x800243e0      0x140 C:/devkitPro/libogc/lib/wii\libogc.a(conf.o)
                0x800243e0                CONF_Get
 .text.CONF_GetShutdownMode
                0x80024520       0x54 C:/devkitPro/libogc/lib/wii\libogc.a(conf.o)
                0x80024520                CONF_GetShutdownMode
 .text.CONF_GetIdleLedMode
                0x80024574       0x54 C:/devkitPro/libogc/lib/wii\libogc.a(conf.o)
                0x80024574                CONF_GetIdleLedMode
 .text.CONF_GetProgressiveScan
                0x800245c8       0x54 C:/devkitPro/libogc/lib/wii\libogc.a(conf.o)
                0x800245c8                CONF_GetProgressiveScan
 .text.CONF_GetEuRGB60
                0x8002461c       0x54 C:/devkitPro/libogc/lib/wii\libogc.a(conf.o)
                0x8002461c                CONF_GetEuRGB60
 .text.CONF_GetIRSensitivity
                0x80024670       0x54 C:/devkitPro/libogc/lib/wii\libogc.a(conf.o)
                0x80024670                CONF_GetIRSensitivity
 .text.CONF_GetSensorBarPosition
                0x800246c4       0x54 C:/devkitPro/libogc/lib/wii\libogc.a(conf.o)
                0x800246c4                CONF_GetSensorBarPosition
 .text.CONF_GetCounterBias
                0x80024718       0x4c C:/devkitPro/libogc/lib/wii\libogc.a(conf.o)
                0x80024718                CONF_GetCounterBias
 .text.CONF_GetDisplayOffsetH
                0x80024764       0x4c C:/devkitPro/libogc/lib/wii\libogc.a(conf.o)
                0x80024764                CONF_GetDisplayOffsetH
 .text.CONF_GetPadDevices
                0x800247b0       0x4c C:/devkitPro/libogc/lib/wii\libogc.a(conf.o)
                0x800247b0                CONF_GetPadDevices
 .text.CONF_GetVideo
                0x800247fc       0x88 C:/devkitPro/libogc/lib/wii\libogc.a(conf.o)
                0x800247fc                CONF_GetVideo
 .text.__WII_WriteNANDBootInfo.isra.0
                0x80024884       0xbc C:/devkitPro/libogc/lib/wii\libogc.a(wiilaunch.o)
 .text.__WII_WriteStateFlags.isra.0
                0x80024940       0x94 C:/devkitPro/libogc/lib/wii\libogc.a(wiilaunch.o)
 .text.WII_Initialize
                0x800249d4      0x188 C:/devkitPro/libogc/lib/wii\libogc.a(wiilaunch.o)
                0x800249d4                WII_Initialize
 .text.WII_LaunchTitle
                0x80024b5c      0x1ac C:/devkitPro/libogc/lib/wii\libogc.a(wiilaunch.o)
                0x80024b5c                WII_LaunchTitle
 .text.WII_ReturnToMenu
                0x80024d08       0x58 C:/devkitPro/libogc/lib/wii\libogc.a(wiilaunch.o)
                0x80024d08                WII_ReturnToMenu
 .text.__lwp_priority_init
                0x80024d60       0x1c C:/devkitPro/libogc/lib/wii\libogc.a(lwp_priority.o)
                0x80024d60                __lwp_priority_init
 .text.__lwp_threadqueue_enqueuefifo
                0x80024d7c      0x12c C:/devkitPro/libogc/lib/wii\libogc.a(lwp_threadq.o)
                0x80024d7c                __lwp_threadqueue_enqueuefifo
 .text.__lwp_threadqueue_dequeuefifo
                0x80024ea8      0x134 C:/devkitPro/libogc/lib/wii\libogc.a(lwp_threadq.o)
                0x80024ea8                __lwp_threadqueue_dequeuefifo
 .text.__lwp_threadqueue_enqueuepriority
                0x80024fdc      0x334 C:/devkitPro/libogc/lib/wii\libogc.a(lwp_threadq.o)
                0x80024fdc                __lwp_threadqueue_enqueuepriority
 .text.__lwp_threadqueue_dequeuepriority
                0x80025310      0x1d8 C:/devkitPro/libogc/lib/wii\libogc.a(lwp_threadq.o)
                0x80025310                __lwp_threadqueue_dequeuepriority
 .text.__lwp_threadqueue_init
                0x800254e8       0x64 C:/devkitPro/libogc/lib/wii\libogc.a(lwp_threadq.o)
                0x800254e8                __lwp_threadqueue_init
 .text.__lwp_threadqueue_enqueue
                0x8002554c      0x138 C:/devkitPro/libogc/lib/wii\libogc.a(lwp_threadq.o)
                0x8002554c                __lwp_threadqueue_enqueue
 .text.__lwp_threadqueue_dequeue
                0x80025684       0x24 C:/devkitPro/libogc/lib/wii\libogc.a(lwp_threadq.o)
                0x80025684                __lwp_threadqueue_dequeue
 .text.__lwp_threadqueue_flush
                0x800256a8       0x68 C:/devkitPro/libogc/lib/wii\libogc.a(lwp_threadq.o)
                0x800256a8                __lwp_threadqueue_flush
 .text.__lwp_threadqueue_extractfifo
                0x80025710       0xe8 C:/devkitPro/libogc/lib/wii\libogc.a(lwp_threadq.o)
                0x80025710                __lwp_threadqueue_extractfifo
 .text.__lwp_threadqueue_extractpriority
                0x800257f8      0x148 C:/devkitPro/libogc/lib/wii\libogc.a(lwp_threadq.o)
                0x800257f8                __lwp_threadqueue_extractpriority
 .text.__lwp_threadqueue_timeout
                0x80025940       0xd0 C:/devkitPro/libogc/lib/wii\libogc.a(lwp_threadq.o)
 .text.__lwp_threadqueue_extractproxy
                0x80025a10       0x64 C:/devkitPro/libogc/lib/wii\libogc.a(lwp_threadq.o)
                0x80025a10                __lwp_threadqueue_extractproxy
 .text.__lwp_mutex_initialize
                0x80025a74       0xa4 C:/devkitPro/libogc/lib/wii\libogc.a(lwp_mutex.o)
                0x80025a74                __lwp_mutex_initialize
 .text.__lwp_mutex_surrender
                0x80025b18      0x14c C:/devkitPro/libogc/lib/wii\libogc.a(lwp_mutex.o)
                0x80025b18                __lwp_mutex_surrender
 .text.__lwp_mutex_seize_irq_blocking
                0x80025c64       0xf8 C:/devkitPro/libogc/lib/wii\libogc.a(lwp_mutex.o)
                0x80025c64                __lwp_mutex_seize_irq_blocking
 .text.__lwp_mutex_flush
                0x80025d5c        0x4 C:/devkitPro/libogc/lib/wii\libogc.a(lwp_mutex.o)
                0x80025d5c                __lwp_mutex_flush
 .text.__systemcall_init
                0x80025d60       0x70 C:/devkitPro/libogc/lib/wii\libogc.a(exception.o)
                0x80025d60                __systemcall_init
 .text.__exception_init
                0x80025dd0      0x120 C:/devkitPro/libogc/lib/wii\libogc.a(exception.o)
                0x80025dd0                __exception_init
 .text.__exception_close
                0x80025ef0       0xac C:/devkitPro/libogc/lib/wii\libogc.a(exception.o)
                0x80025ef0                __exception_close
 .text.__exception_closeall
                0x80025f9c       0x80 C:/devkitPro/libogc/lib/wii\libogc.a(exception.o)
                0x80025f9c                __exception_closeall
 .text.c_default_exceptionhandler
                0x8002601c      0x458 C:/devkitPro/libogc/lib/wii\libogc.a(exception.o)
                0x8002601c                c_default_exceptionhandler
 .text.__lwp_sema_init
                0x80026474       0x14 C:/devkitPro/libogc/lib/wii\libogc.a(semaphore.o)
                0x80026474                __lwp_sema_init
 .text.SPEC1_MakeStatus
                0x80026488      0x104 C:/devkitPro/libogc/lib/wii\libogc.a(pad.o)
 .text.__pad_samplinghandler
                0x8002658c        0x4 C:/devkitPro/libogc/lib/wii\libogc.a(pad.o)
 .text.__pad_doreset
                0x80026590       0x50 C:/devkitPro/libogc/lib/wii\libogc.a(pad.o)
 .text.__pad_updateorigin
                0x800265e0       0xa4 C:/devkitPro/libogc/lib/wii\libogc.a(pad.o)
 .text.__pad_disable
                0x80026684       0xbc C:/devkitPro/libogc/lib/wii\libogc.a(pad.o)
 .text.__pad_receivecheckcallback
                0x80026740       0x84 C:/devkitPro/libogc/lib/wii\libogc.a(pad.o)
 .text.__pad_typeandstatuscallback
                0x800267c4      0x1ac C:/devkitPro/libogc/lib/wii\libogc.a(pad.o)
 .text.__pad_originupdatecallback
                0x80026970       0x2c C:/devkitPro/libogc/lib/wii\libogc.a(pad.o)
 .text.__pad_onreset
                0x8002699c      0x108 C:/devkitPro/libogc/lib/wii\libogc.a(pad.o)
 .text.SPEC2_MakeStatus
                0x80026aa4      0x214 C:/devkitPro/libogc/lib/wii\libogc.a(pad.o)
 .text.__pad_origincallback
                0x80026cb8       0x74 C:/devkitPro/libogc/lib/wii\libogc.a(pad.o)
 .text.__pad_probecallback
                0x80026d2c       0x88 C:/devkitPro/libogc/lib/wii\libogc.a(pad.o)
 .text.__PADDisableRecalibration
                0x80026db4       0x64 C:/devkitPro/libogc/lib/wii\libogc.a(pad.o)
                0x80026db4                __PADDisableRecalibration
 .text.PAD_Reset
                0x80026e18       0xf0 C:/devkitPro/libogc/lib/wii\libogc.a(pad.o)
                0x80026e18                PAD_Reset
 .text.PAD_Read
                0x80026f08      0x2d4 C:/devkitPro/libogc/lib/wii\libogc.a(pad.o)
                0x80026f08                PAD_Read
 .text.PAD_Init
                0x800271dc       0xf8 C:/devkitPro/libogc/lib/wii\libogc.a(pad.o)
                0x800271dc                PAD_Init
 .text.PAD_ScanPads
                0x800272d4      0x15c C:/devkitPro/libogc/lib/wii\libogc.a(pad.o)
                0x800272d4                PAD_ScanPads
 .text.PAD_ButtonsDown
                0x80027430       0x40 C:/devkitPro/libogc/lib/wii\libogc.a(pad.o)
                0x80027430                PAD_ButtonsDown
 .text.__exi_irq_handler
                0x80027470       0x58 C:/devkitPro/libogc/lib/wii\libogc.a(exi.o)
 .text.__ext_irq_handler
                0x800274c8       0xc8 C:/devkitPro/libogc/lib/wii\libogc.a(exi.o)
 .text.__tc_irq_handler
                0x80027590      0x178 C:/devkitPro/libogc/lib/wii\libogc.a(exi.o)
 .text.__exi_probe
                0x80027708      0x214 C:/devkitPro/libogc/lib/wii\libogc.a(exi.o)
 .text.__exi_attach
                0x8002791c      0x104 C:/devkitPro/libogc/lib/wii\libogc.a(exi.o)
 .text.EXI_Lock
                0x80027a20      0x218 C:/devkitPro/libogc/lib/wii\libogc.a(exi.o)
                0x80027a20                EXI_Lock
 .text.EXI_Unlock
                0x80027c38      0x224 C:/devkitPro/libogc/lib/wii\libogc.a(exi.o)
                0x80027c38                EXI_Unlock
 .text.EXI_Select
                0x80027e5c      0x208 C:/devkitPro/libogc/lib/wii\libogc.a(exi.o)
                0x80027e5c                EXI_Select
 .text.EXI_Deselect
                0x80028064      0x16c C:/devkitPro/libogc/lib/wii\libogc.a(exi.o)
                0x80028064                EXI_Deselect
 .text.EXI_Sync
                0x800281d0      0x108 C:/devkitPro/libogc/lib/wii\libogc.a(exi.o)
                0x800281d0                EXI_Sync
 .text.EXI_Imm  0x800282d8      0x1f8 C:/devkitPro/libogc/lib/wii\libogc.a(exi.o)
                0x800282d8                EXI_Imm
 .text.EXI_ImmEx
                0x800284d0       0xd8 C:/devkitPro/libogc/lib/wii\libogc.a(exi.o)
                0x800284d0                EXI_ImmEx
 .text.EXI_Dma  0x800285a8      0x16c C:/devkitPro/libogc/lib/wii\libogc.a(exi.o)
                0x800285a8                EXI_Dma
 .text.EXI_Detach
                0x80028714       0xb0 C:/devkitPro/libogc/lib/wii\libogc.a(exi.o)
                0x80028714                EXI_Detach
 .text.EXI_GetID
                0x800287c4      0x338 C:/devkitPro/libogc/lib/wii\libogc.a(exi.o)
                0x800287c4                EXI_GetID
 .text.__unlocked_handler
                0x80028afc       0x28 C:/devkitPro/libogc/lib/wii\libogc.a(exi.o)
 .text.EXI_ProbeReset
                0x80028b24       0x70 C:/devkitPro/libogc/lib/wii\libogc.a(exi.o)
                0x80028b24                EXI_ProbeReset
 .text.__exi_init
                0x80028b94      0x188 C:/devkitPro/libogc/lib/wii\libogc.a(exi.o)
                0x80028b94                __exi_init
 .text.__lwp_mutex_locksupp.constprop.0
                0x80028d1c      0x2a8 C:/devkitPro/libogc/lib/wii\libogc.a(mutex.o)
 .text.__lwp_mutex_init
                0x80028fc4       0x14 C:/devkitPro/libogc/lib/wii\libogc.a(mutex.o)
                0x80028fc4                __lwp_mutex_init
 .text.LWP_MutexInit
                0x80028fd8      0x100 C:/devkitPro/libogc/lib/wii\libogc.a(mutex.o)
                0x80028fd8                LWP_MutexInit
 .text.LWP_MutexDestroy
                0x800290d8       0xf0 C:/devkitPro/libogc/lib/wii\libogc.a(mutex.o)
                0x800290d8                LWP_MutexDestroy
 .text.LWP_MutexLock
                0x800291c8        0x8 C:/devkitPro/libogc/lib/wii\libogc.a(mutex.o)
                0x800291c8                LWP_MutexLock
 .text.LWP_MutexUnlock
                0x800291d0       0x9c C:/devkitPro/libogc/lib/wii\libogc.a(mutex.o)
                0x800291d0                LWP_MutexUnlock
 .text.__GX_InitRevBits
                0x8002926c       0x98 C:/devkitPro/libogc/lib/wii\libogc.a(gx.o)
 .text.GX_AbortFrame
                0x80029304      0x3d8 C:/devkitPro/libogc/lib/wii\libogc.a(gx.o)
                0x80029304                GX_AbortFrame
 .text.number   0x800296dc      0x318 C:/devkitPro/libogc/lib/wii\libogc.a(kprintf.o)
 .text.kvsprintf
                0x800299f4      0x888 C:/devkitPro/libogc/lib/wii\libogc.a(kprintf.o)
                0x800299f4                kvsprintf
 .text.kprintf  0x8002a27c       0xac C:/devkitPro/libogc/lib/wii\libogc.a(kprintf.o)
                0x8002a27c                kprintf
 .text.net_wc24cleanup
                0x8002a328       0x64 C:/devkitPro/libogc/lib/wii\libogc.a(network_wii.o)
                0x8002a328                net_wc24cleanup
 .text.hypotf   0x8002a38c       0x8c C:/devkitPro/devkitPPC/bin/../lib/gcc/powerpc-eabi/13.2.0/../../../../powerpc-eabi/lib\libm.a(libm_a-wf_hypot.o)
                0x8002a38c                hypotf
 .text.atanf    0x8002a418      0x290 C:/devkitPro/devkitPPC/bin/../lib/gcc/powerpc-eabi/13.2.0/../../../../powerpc-eabi/lib\libm.a(libm_a-sf_atan.o)
                0x8002a418                atanf
 .text.cosf     0x8002a6a8       0xe0 C:/devkitPro/devkitPPC/bin/../lib/gcc/powerpc-eabi/13.2.0/../../../../powerpc-eabi/lib\libm.a(libm_a-sf_cos.o)
                0x8002a6a8                cosf
 .text.sqrtf    0x8002a788       0x74 C:/devkitPro/devkitPPC/bin/../lib/gcc/powerpc-eabi/13.2.0/../../../../powerpc-eabi/lib\libm.a(libm_a-wf_sqrt.o)
                0x8002a788                sqrtf
 .text.fabsf    0x8002a7fc       0x20 C:/devkitPro/devkitPPC/bin/../lib/gcc/powerpc-eabi/13.2.0/../../../../powerpc-eabi/lib\libm.a(libm_a-sf_fabs.o)
                0x8002a7fc                fabsf
 .text.sincosf  0x8002a81c       0x58 C:/devkitPro/devkitPPC/bin/../lib/gcc/powerpc-eabi/13.2.0/../../../../powerpc-eabi/lib\libm.a(libm_a-wf_sincos.o)